Archive member included to satisfy reference by file (symbol)

/home/avrToolchain/bin/../lib/gcc/avr/4.9.2/avrxmega4/libgcc.a(_exit.o)
                              /home/avrToolchain/bin/../lib/gcc/avr/4.9.2/../../../../avr/lib/avrxmega4/crtatxmega64a3.o (exit)
/home/avrToolchain/bin/../lib/gcc/avr/4.9.2/avrxmega4/libgcc.a(_copy_data.o)
                              vec9_io.o (__do_copy_data)
/home/avrToolchain/bin/../lib/gcc/avr/4.9.2/avrxmega4/libgcc.a(_clear_bss.o)
                              vec9_io.o (__do_clear_bss)
/home/avrToolchain/bin/../lib/gcc/avr/4.9.2/../../../../avr/lib/avrxmega4/libc.a(fdevopen.o)
                              vec9_io.o (fdevopen)
/home/avrToolchain/bin/../lib/gcc/avr/4.9.2/../../../../avr/lib/avrxmega4/libc.a(iob.o)
                              /home/avrToolchain/bin/../lib/gcc/avr/4.9.2/../../../../avr/lib/avrxmega4/libc.a(fdevopen.o) (__iob)
/home/avrToolchain/bin/../lib/gcc/avr/4.9.2/../../../../avr/lib/avrxmega4/libc.a(printf.o)
                              vec9_io.o (printf)
/home/avrToolchain/bin/../lib/gcc/avr/4.9.2/../../../../avr/lib/avrxmega4/libc.a(vfprintf_std.o)
                              /home/avrToolchain/bin/../lib/gcc/avr/4.9.2/../../../../avr/lib/avrxmega4/libc.a(printf.o) (vfprintf)
/home/avrToolchain/bin/../lib/gcc/avr/4.9.2/../../../../avr/lib/avrxmega4/libc.a(calloc.o)
                              /home/avrToolchain/bin/../lib/gcc/avr/4.9.2/../../../../avr/lib/avrxmega4/libc.a(fdevopen.o) (calloc)
/home/avrToolchain/bin/../lib/gcc/avr/4.9.2/../../../../avr/lib/avrxmega4/libc.a(malloc.o)
                              /home/avrToolchain/bin/../lib/gcc/avr/4.9.2/../../../../avr/lib/avrxmega4/libc.a(calloc.o) (malloc)
/home/avrToolchain/bin/../lib/gcc/avr/4.9.2/../../../../avr/lib/avrxmega4/libc.a(strnlen_P.o)
                              /home/avrToolchain/bin/../lib/gcc/avr/4.9.2/../../../../avr/lib/avrxmega4/libc.a(vfprintf_std.o) (strnlen_P)
/home/avrToolchain/bin/../lib/gcc/avr/4.9.2/../../../../avr/lib/avrxmega4/libc.a(memset.o)
                              /home/avrToolchain/bin/../lib/gcc/avr/4.9.2/../../../../avr/lib/avrxmega4/libc.a(calloc.o) (memset)
/home/avrToolchain/bin/../lib/gcc/avr/4.9.2/../../../../avr/lib/avrxmega4/libc.a(strnlen.o)
                              /home/avrToolchain/bin/../lib/gcc/avr/4.9.2/../../../../avr/lib/avrxmega4/libc.a(vfprintf_std.o) (strnlen)
/home/avrToolchain/bin/../lib/gcc/avr/4.9.2/../../../../avr/lib/avrxmega4/libc.a(fputc.o)
                              /home/avrToolchain/bin/../lib/gcc/avr/4.9.2/../../../../avr/lib/avrxmega4/libc.a(vfprintf_std.o) (fputc)
/home/avrToolchain/bin/../lib/gcc/avr/4.9.2/../../../../avr/lib/avrxmega4/libc.a(ultoa_invert.o)
                              /home/avrToolchain/bin/../lib/gcc/avr/4.9.2/../../../../avr/lib/avrxmega4/libc.a(vfprintf_std.o) (__ultoa_invert)

Allocating common symbols
Common symbol       size              file

subState            0x1               globals.o
__brkval            0x2               /home/avrToolchain/bin/../lib/gcc/avr/4.9.2/../../../../avr/lib/avrxmega4/libc.a(malloc.o)
State               0x2               globals.o
systemTicks         0x2               globals.o
__flp               0x2               /home/avrToolchain/bin/../lib/gcc/avr/4.9.2/../../../../avr/lib/avrxmega4/libc.a(malloc.o)
__iob               0x6               /home/avrToolchain/bin/../lib/gcc/avr/4.9.2/../../../../avr/lib/avrxmega4/libc.a(iob.o)

Memory Configuration

Name             Origin             Length             Attributes
text             0x0000000000000000 0x0000000000100000 xr
data             0x0000000000802000 0x000000000000ffa0 rw !x
eeprom           0x0000000000810000 0x0000000000010000 rw !x
fuse             0x0000000000820000 0x0000000000000400 rw !x
lock             0x0000000000830000 0x0000000000000400 rw !x
signature        0x0000000000840000 0x0000000000000400 rw !x
user_signatures  0x0000000000850000 0x0000000000000400 rw !x
*default*        0x0000000000000000 0xffffffffffffffff

Linker script and memory map

LOAD /home/avrToolchain/bin/../lib/gcc/avr/4.9.2/../../../../avr/lib/avrxmega4/crtatxmega64a3.o
LOAD vec9_io.o
LOAD globals.o
LOAD uart.o
LOAD spi.o
LOAD softclock.o
LOAD /home/avrToolchain/bin/../lib/gcc/avr/4.9.2/../../../../avr/lib/avrxmega4/libm.a
START GROUP
LOAD /home/avrToolchain/bin/../lib/gcc/avr/4.9.2/avrxmega4/libgcc.a
LOAD /home/avrToolchain/bin/../lib/gcc/avr/4.9.2/../../../../avr/lib/avrxmega4/libm.a
LOAD /home/avrToolchain/bin/../lib/gcc/avr/4.9.2/../../../../avr/lib/avrxmega4/libc.a
LOAD /home/avrToolchain/bin/../lib/gcc/avr/4.9.2/../../../../avr/lib/avrxmega4/libatxmega64a3.a
END GROUP

.hash
 *(.hash)

.dynsym
 *(.dynsym)

.dynstr
 *(.dynstr)

.gnu.version
 *(.gnu.version)

.gnu.version_d
 *(.gnu.version_d)

.gnu.version_r
 *(.gnu.version_r)

.rel.init
 *(.rel.init)

.rela.init
 *(.rela.init)

.rel.text
 *(.rel.text)
 *(.rel.text.*)
 *(.rel.gnu.linkonce.t*)

.rela.text
 *(.rela.text)
 *(.rela.text.*)
 *(.rela.gnu.linkonce.t*)

.rel.fini
 *(.rel.fini)

.rela.fini
 *(.rela.fini)

.rel.rodata
 *(.rel.rodata)
 *(.rel.rodata.*)
 *(.rel.gnu.linkonce.r*)

.rela.rodata
 *(.rela.rodata)
 *(.rela.rodata.*)
 *(.rela.gnu.linkonce.r*)

.rel.data
 *(.rel.data)
 *(.rel.data.*)
 *(.rel.gnu.linkonce.d*)

.rela.data
 *(.rela.data)
 *(.rela.data.*)
 *(.rela.gnu.linkonce.d*)

.rel.ctors
 *(.rel.ctors)

.rela.ctors
 *(.rela.ctors)

.rel.dtors
 *(.rel.dtors)

.rela.dtors
 *(.rela.dtors)

.rel.got
 *(.rel.got)

.rela.got
 *(.rela.got)

.rel.bss
 *(.rel.bss)

.rela.bss
 *(.rela.bss)

.rel.plt
 *(.rel.plt)

.rela.plt
 *(.rela.plt)

.text           0x0000000000000000     0x1858
 *(.vectors)
 .vectors       0x0000000000000000      0x1e8 /home/avrToolchain/bin/../lib/gcc/avr/4.9.2/../../../../avr/lib/avrxmega4/crtatxmega64a3.o
                0x0000000000000000                __vectors
 *(.vectors)
 *(.progmem.gcc*)
                0x00000000000001e8                . = ALIGN (0x2)
                0x00000000000001e8                __trampolines_start = .
 *(.trampolines)
 .trampolines   0x00000000000001e8        0x0 linker stubs
 *(.trampolines*)
                0x00000000000001e8                __trampolines_end = .
 *(.progmem*)
                0x00000000000001e8                . = ALIGN (0x2)
 *(.jumptables)
 *(.jumptables*)
 *(.lowtext)
 *(.lowtext*)
                0x00000000000001e8                __ctors_start = .
 *(.ctors)
                0x00000000000001e8                __ctors_end = .
                0x00000000000001e8                __dtors_start = .
 *(.dtors)
                0x00000000000001e8                __dtors_end = .
 SORT(*)(.ctors)
 SORT(*)(.dtors)
 *(.init0)
 .init0         0x00000000000001e8        0x0 /home/avrToolchain/bin/../lib/gcc/avr/4.9.2/../../../../avr/lib/avrxmega4/crtatxmega64a3.o
                0x00000000000001e8                __init
 *(.init0)
 *(.init1)
 *(.init1)
 *(.init2)
 .init2         0x00000000000001e8        0xc /home/avrToolchain/bin/../lib/gcc/avr/4.9.2/../../../../avr/lib/avrxmega4/crtatxmega64a3.o
 *(.init2)
 *(.init3)
 *(.init3)
 *(.init4)
 .init4         0x00000000000001f4       0x1a /home/avrToolchain/bin/../lib/gcc/avr/4.9.2/avrxmega4/libgcc.a(_copy_data.o)
                0x00000000000001f4                __do_copy_data
 .init4         0x000000000000020e       0x10 /home/avrToolchain/bin/../lib/gcc/avr/4.9.2/avrxmega4/libgcc.a(_clear_bss.o)
                0x000000000000020e                __do_clear_bss
 *(.init4)
 *(.init5)
 *(.init5)
 *(.init6)
 *(.init6)
 *(.init7)
 *(.init7)
 *(.init8)
 *(.init8)
 *(.init9)
 .init9         0x000000000000021e        0x8 /home/avrToolchain/bin/../lib/gcc/avr/4.9.2/../../../../avr/lib/avrxmega4/crtatxmega64a3.o
 *(.init9)
 *(.text)
 .text          0x0000000000000226        0x4 /home/avrToolchain/bin/../lib/gcc/avr/4.9.2/../../../../avr/lib/avrxmega4/crtatxmega64a3.o
                0x0000000000000226                __vector_38
                0x0000000000000226                __vector_104
                0x0000000000000226                __vector_22
                0x0000000000000226                __vector_63
                0x0000000000000226                __vector_28
                0x0000000000000226                __vector_67
                0x0000000000000226                __vector_1
                0x0000000000000226                __vector_32
                0x0000000000000226                __vector_75
                0x0000000000000226                __vector_71
                0x0000000000000226                __vector_91
                0x0000000000000226                __vector_34
                0x0000000000000226                __vector_62
                0x0000000000000226                __vector_77
                0x0000000000000226                __vector_102
                0x0000000000000226                __vector_24
                0x0000000000000226                __vector_12
                0x0000000000000226                __vector_55
                0x0000000000000226                __vector_69
                0x0000000000000226                __vector_81
                0x0000000000000226                __vector_90
                0x0000000000000226                __vector_46
                0x0000000000000226                __bad_interrupt
                0x0000000000000226                __vector_72
                0x0000000000000226                __vector_114
                0x0000000000000226                __vector_6
                0x0000000000000226                __vector_110
                0x0000000000000226                __vector_31
                0x0000000000000226                __vector_92
                0x0000000000000226                __vector_35
                0x0000000000000226                __vector_78
                0x0000000000000226                __vector_74
                0x0000000000000226                __vector_117
                0x0000000000000226                __vector_39
                0x0000000000000226                __vector_107
                0x0000000000000226                __vector_3
                0x0000000000000226                __vector_105
                0x0000000000000226                __vector_98
                0x0000000000000226                __vector_23
                0x0000000000000226                __vector_68
                0x0000000000000226                __vector_30
                0x0000000000000226                __vector_73
                0x0000000000000226                __vector_45
                0x0000000000000226                __vector_25
                0x0000000000000226                __vector_93
                0x0000000000000226                __vector_61
                0x0000000000000226                __vector_11
                0x0000000000000226                __vector_54
                0x0000000000000226                __vector_99
                0x0000000000000226                __vector_13
                0x0000000000000226                __vector_17
                0x0000000000000226                __vector_19
                0x0000000000000226                __vector_56
                0x0000000000000226                __vector_7
                0x0000000000000226                __vector_49
                0x0000000000000226                __vector_41
                0x0000000000000226                __vector_86
                0x0000000000000226                __vector_100
                0x0000000000000226                __vector_101
                0x0000000000000226                __vector_88
                0x0000000000000226                __vector_109
                0x0000000000000226                __vector_43
                0x0000000000000226                __vector_27
                0x0000000000000226                __vector_5
                0x0000000000000226                __vector_113
                0x0000000000000226                __vector_33
                0x0000000000000226                __vector_76
                0x0000000000000226                __vector_115
                0x0000000000000226                __vector_52
                0x0000000000000226                __vector_37
                0x0000000000000226                __vector_95
                0x0000000000000226                __vector_103
                0x0000000000000226                __vector_96
                0x0000000000000226                __vector_89
                0x0000000000000226                __vector_108
                0x0000000000000226                __vector_4
                0x0000000000000226                __vector_44
                0x0000000000000226                __vector_82
                0x0000000000000226                __vector_106
                0x0000000000000226                __vector_118
                0x0000000000000226                __vector_51
                0x0000000000000226                __vector_9
                0x0000000000000226                __vector_2
                0x0000000000000226                __vector_21
                0x0000000000000226                __vector_15
                0x0000000000000226                __vector_66
                0x0000000000000226                __vector_36
                0x0000000000000226                __vector_79
                0x0000000000000226                __vector_58
                0x0000000000000226                __vector_70
                0x0000000000000226                __vector_83
                0x0000000000000226                __vector_29
                0x0000000000000226                __vector_60
                0x0000000000000226                __vector_121
                0x0000000000000226                __vector_40
                0x0000000000000226                __vector_85
                0x0000000000000226                __vector_94
                0x0000000000000226                __vector_8
                0x0000000000000226                __vector_26
                0x0000000000000226                __vector_48
                0x0000000000000226                __vector_116
                0x0000000000000226                __vector_112
                0x0000000000000226                __vector_111
                0x0000000000000226                __vector_80
                0x0000000000000226                __vector_14
                0x0000000000000226                __vector_84
                0x0000000000000226                __vector_57
                0x0000000000000226                __vector_53
                0x0000000000000226                __vector_10
                0x0000000000000226                __vector_50
                0x0000000000000226                __vector_16
                0x0000000000000226                __vector_59
                0x0000000000000226                __vector_18
                0x0000000000000226                __vector_97
                0x0000000000000226                __vector_20
                0x0000000000000226                __vector_42
                0x0000000000000226                __vector_87
                0x0000000000000226                __vector_65
                0x0000000000000226                __vector_120
 .text          0x000000000000022a      0x84a vec9_io.o
                0x0000000000000242                UartPutChar
                0x0000000000000826                SetState
                0x0000000000000834                __vector_default
                0x000000000000084c                __vector_47
                0x000000000000087a                __vector_119
                0x00000000000008e4                GetByteFromRxFifo
                0x0000000000000a60                __vector_64
 .text          0x0000000000000a74        0x0 globals.o
 .text          0x0000000000000a74       0x86 uart.o
                0x0000000000000a74                UartTxBufferReady
                0x0000000000000a80                UartSendByte
                0x0000000000000a8e                UartGetByte
                0x0000000000000a94                UartGotByte
                0x0000000000000aa0                UartWaitForByte
                0x0000000000000aaa                UartFlushBuffer
                0x0000000000000aba                UnInitUart
                0x0000000000000ac0                InitUart
 .text          0x0000000000000afa       0x92 spi.o
                0x0000000000000afa                SpiTransferComplete
                0x0000000000000b06                TransferSpiByte
                0x0000000000000b18                DoBusyWait
                0x0000000000000b58                InitSpi
 .text          0x0000000000000b8c       0x9a softclock.o
                0x0000000000000b8c                ResetTimer
                0x0000000000000bac                SetTimer
                0x0000000000000bd6                CheckTimer
                0x0000000000000c14                ExpireTimer
 .text          0x0000000000000c26        0x0 /home/avrToolchain/bin/../lib/gcc/avr/4.9.2/avrxmega4/libgcc.a(_exit.o)
 .text          0x0000000000000c26        0x0 /home/avrToolchain/bin/../lib/gcc/avr/4.9.2/avrxmega4/libgcc.a(_copy_data.o)
 .text          0x0000000000000c26        0x0 /home/avrToolchain/bin/../lib/gcc/avr/4.9.2/avrxmega4/libgcc.a(_clear_bss.o)
 .text          0x0000000000000c26        0x0 /home/avrToolchain/bin/../lib/gcc/avr/4.9.2/../../../../avr/lib/avrxmega4/libc.a(fdevopen.o)
 .text          0x0000000000000c26        0x0 /home/avrToolchain/bin/../lib/gcc/avr/4.9.2/../../../../avr/lib/avrxmega4/libc.a(iob.o)
 .text          0x0000000000000c26        0x0 /home/avrToolchain/bin/../lib/gcc/avr/4.9.2/../../../../avr/lib/avrxmega4/libc.a(printf.o)
 .text          0x0000000000000c26        0x0 /home/avrToolchain/bin/../lib/gcc/avr/4.9.2/../../../../avr/lib/avrxmega4/libc.a(vfprintf_std.o)
 .text          0x0000000000000c26        0x0 /home/avrToolchain/bin/../lib/gcc/avr/4.9.2/../../../../avr/lib/avrxmega4/libc.a(calloc.o)
 .text          0x0000000000000c26        0x0 /home/avrToolchain/bin/../lib/gcc/avr/4.9.2/../../../../avr/lib/avrxmega4/libc.a(malloc.o)
 .text          0x0000000000000c26        0x0 /home/avrToolchain/bin/../lib/gcc/avr/4.9.2/../../../../avr/lib/avrxmega4/libc.a(strnlen_P.o)
 .text          0x0000000000000c26        0x0 /home/avrToolchain/bin/../lib/gcc/avr/4.9.2/../../../../avr/lib/avrxmega4/libc.a(memset.o)
 .text          0x0000000000000c26        0x0 /home/avrToolchain/bin/../lib/gcc/avr/4.9.2/../../../../avr/lib/avrxmega4/libc.a(strnlen.o)
 .text          0x0000000000000c26        0x0 /home/avrToolchain/bin/../lib/gcc/avr/4.9.2/../../../../avr/lib/avrxmega4/libc.a(fputc.o)
 .text          0x0000000000000c26        0x0 /home/avrToolchain/bin/../lib/gcc/avr/4.9.2/../../../../avr/lib/avrxmega4/libc.a(ultoa_invert.o)
                0x0000000000000c26                . = ALIGN (0x2)
 *(.text.*)
 .text.startup  0x0000000000000c26      0x38e vec9_io.o
                0x0000000000000c26                main
 .text.libgcc.mul
                0x0000000000000fb4        0x0 /home/avrToolchain/bin/../lib/gcc/avr/4.9.2/avrxmega4/libgcc.a(_exit.o)
 .text.libgcc.div
                0x0000000000000fb4        0x0 /home/avrToolchain/bin/../lib/gcc/avr/4.9.2/avrxmega4/libgcc.a(_exit.o)
 .text.libgcc   0x0000000000000fb4        0x0 /home/avrToolchain/bin/../lib/gcc/avr/4.9.2/avrxmega4/libgcc.a(_exit.o)
 .text.libgcc.prologue
                0x0000000000000fb4        0x0 /home/avrToolchain/bin/../lib/gcc/avr/4.9.2/avrxmega4/libgcc.a(_exit.o)
 .text.libgcc.builtins
                0x0000000000000fb4        0x0 /home/avrToolchain/bin/../lib/gcc/avr/4.9.2/avrxmega4/libgcc.a(_exit.o)
 .text.libgcc.fmul
                0x0000000000000fb4        0x0 /home/avrToolchain/bin/../lib/gcc/avr/4.9.2/avrxmega4/libgcc.a(_exit.o)
 .text.libgcc.fixed
                0x0000000000000fb4        0x0 /home/avrToolchain/bin/../lib/gcc/avr/4.9.2/avrxmega4/libgcc.a(_exit.o)
 .text.libgcc.mul
                0x0000000000000fb4        0x0 /home/avrToolchain/bin/../lib/gcc/avr/4.9.2/avrxmega4/libgcc.a(_copy_data.o)
 .text.libgcc.div
                0x0000000000000fb4        0x0 /home/avrToolchain/bin/../lib/gcc/avr/4.9.2/avrxmega4/libgcc.a(_copy_data.o)
 .text.libgcc   0x0000000000000fb4        0x0 /home/avrToolchain/bin/../lib/gcc/avr/4.9.2/avrxmega4/libgcc.a(_copy_data.o)
 .text.libgcc.prologue
                0x0000000000000fb4        0x0 /home/avrToolchain/bin/../lib/gcc/avr/4.9.2/avrxmega4/libgcc.a(_copy_data.o)
 .text.libgcc.builtins
                0x0000000000000fb4        0x0 /home/avrToolchain/bin/../lib/gcc/avr/4.9.2/avrxmega4/libgcc.a(_copy_data.o)
 .text.libgcc.fmul
                0x0000000000000fb4        0x0 /home/avrToolchain/bin/../lib/gcc/avr/4.9.2/avrxmega4/libgcc.a(_copy_data.o)
 .text.libgcc.fixed
                0x0000000000000fb4        0x0 /home/avrToolchain/bin/../lib/gcc/avr/4.9.2/avrxmega4/libgcc.a(_copy_data.o)
 .text.libgcc.mul
                0x0000000000000fb4        0x0 /home/avrToolchain/bin/../lib/gcc/avr/4.9.2/avrxmega4/libgcc.a(_clear_bss.o)
 .text.libgcc.div
                0x0000000000000fb4        0x0 /home/avrToolchain/bin/../lib/gcc/avr/4.9.2/avrxmega4/libgcc.a(_clear_bss.o)
 .text.libgcc   0x0000000000000fb4        0x0 /home/avrToolchain/bin/../lib/gcc/avr/4.9.2/avrxmega4/libgcc.a(_clear_bss.o)
 .text.libgcc.prologue
                0x0000000000000fb4        0x0 /home/avrToolchain/bin/../lib/gcc/avr/4.9.2/avrxmega4/libgcc.a(_clear_bss.o)
 .text.libgcc.builtins
                0x0000000000000fb4        0x0 /home/avrToolchain/bin/../lib/gcc/avr/4.9.2/avrxmega4/libgcc.a(_clear_bss.o)
 .text.libgcc.fmul
                0x0000000000000fb4        0x0 /home/avrToolchain/bin/../lib/gcc/avr/4.9.2/avrxmega4/libgcc.a(_clear_bss.o)
 .text.libgcc.fixed
                0x0000000000000fb4        0x0 /home/avrToolchain/bin/../lib/gcc/avr/4.9.2/avrxmega4/libgcc.a(_clear_bss.o)
 .text.avr-libc
                0x0000000000000fb4       0x96 /home/avrToolchain/bin/../lib/gcc/avr/4.9.2/../../../../avr/lib/avrxmega4/libc.a(fdevopen.o)
                0x0000000000000fb4                fdevopen
 .text.avr-libc
                0x000000000000104a       0x28 /home/avrToolchain/bin/../lib/gcc/avr/4.9.2/../../../../avr/lib/avrxmega4/libc.a(printf.o)
                0x000000000000104a                printf
 .text.avr-libc
                0x0000000000001072      0x3ea /home/avrToolchain/bin/../lib/gcc/avr/4.9.2/../../../../avr/lib/avrxmega4/libc.a(vfprintf_std.o)
                0x0000000000001072                vfprintf
 .text.avr-libc
                0x000000000000145c       0x38 /home/avrToolchain/bin/../lib/gcc/avr/4.9.2/../../../../avr/lib/avrxmega4/libc.a(calloc.o)
                0x000000000000145c                calloc
 .text.avr-libc
                0x0000000000001494      0x25a /home/avrToolchain/bin/../lib/gcc/avr/4.9.2/../../../../avr/lib/avrxmega4/libc.a(malloc.o)
                0x0000000000001494                malloc
                0x00000000000015be                free
 .text.avr-libc
                0x00000000000016ee       0x16 /home/avrToolchain/bin/../lib/gcc/avr/4.9.2/../../../../avr/lib/avrxmega4/libc.a(strnlen_P.o)
                0x00000000000016ee                strnlen_P
 .text.avr-libc
                0x0000000000001704        0xe /home/avrToolchain/bin/../lib/gcc/avr/4.9.2/../../../../avr/lib/avrxmega4/libc.a(memset.o)
                0x0000000000001704                memset
 .text.avr-libc
                0x0000000000001712       0x16 /home/avrToolchain/bin/../lib/gcc/avr/4.9.2/../../../../avr/lib/avrxmega4/libc.a(strnlen.o)
                0x0000000000001712                strnlen
 .text.avr-libc
                0x0000000000001728       0x70 /home/avrToolchain/bin/../lib/gcc/avr/4.9.2/../../../../avr/lib/avrxmega4/libc.a(fputc.o)
                0x0000000000001728                fputc
 .text.avr-libc
                0x0000000000001798       0xbc /home/avrToolchain/bin/../lib/gcc/avr/4.9.2/../../../../avr/lib/avrxmega4/libc.a(ultoa_invert.o)
                0x0000000000001798                __ultoa_invert
                0x0000000000001854                . = ALIGN (0x2)
 *(.fini9)
 .fini9         0x0000000000001854        0x0 /home/avrToolchain/bin/../lib/gcc/avr/4.9.2/avrxmega4/libgcc.a(_exit.o)
                0x0000000000001854                exit
                0x0000000000001854                _exit
 *(.fini9)
 *(.fini8)
 *(.fini8)
 *(.fini7)
 *(.fini7)
 *(.fini6)
 *(.fini6)
 *(.fini5)
 *(.fini5)
 *(.fini4)
 *(.fini4)
 *(.fini3)
 *(.fini3)
 *(.fini2)
 *(.fini2)
 *(.fini1)
 *(.fini1)
 *(.fini0)
 .fini0         0x0000000000001854        0x4 /home/avrToolchain/bin/../lib/gcc/avr/4.9.2/avrxmega4/libgcc.a(_exit.o)
 *(.fini0)
                0x0000000000001858                _etext = .

.data           0x0000000000802000       0x4a load address 0x0000000000001858
                0x0000000000802000                PROVIDE (__data_start, .)
 *(.data)
 .data          0x0000000000802000        0x0 /home/avrToolchain/bin/../lib/gcc/avr/4.9.2/../../../../avr/lib/avrxmega4/crtatxmega64a3.o
 .data          0x0000000000802000        0x1 vec9_io.o
 .data          0x0000000000802001        0x0 globals.o
 .data          0x0000000000802001        0x0 uart.o
 .data          0x0000000000802001        0x0 spi.o
 .data          0x0000000000802001        0x0 softclock.o
 .data          0x0000000000802001        0x0 /home/avrToolchain/bin/../lib/gcc/avr/4.9.2/avrxmega4/libgcc.a(_exit.o)
 .data          0x0000000000802001        0x0 /home/avrToolchain/bin/../lib/gcc/avr/4.9.2/avrxmega4/libgcc.a(_copy_data.o)
 .data          0x0000000000802001        0x0 /home/avrToolchain/bin/../lib/gcc/avr/4.9.2/avrxmega4/libgcc.a(_clear_bss.o)
 .data          0x0000000000802001        0x0 /home/avrToolchain/bin/../lib/gcc/avr/4.9.2/../../../../avr/lib/avrxmega4/libc.a(fdevopen.o)
 .data          0x0000000000802001        0x0 /home/avrToolchain/bin/../lib/gcc/avr/4.9.2/../../../../avr/lib/avrxmega4/libc.a(iob.o)
 .data          0x0000000000802001        0x0 /home/avrToolchain/bin/../lib/gcc/avr/4.9.2/../../../../avr/lib/avrxmega4/libc.a(printf.o)
 .data          0x0000000000802001        0x0 /home/avrToolchain/bin/../lib/gcc/avr/4.9.2/../../../../avr/lib/avrxmega4/libc.a(vfprintf_std.o)
 .data          0x0000000000802001        0x0 /home/avrToolchain/bin/../lib/gcc/avr/4.9.2/../../../../avr/lib/avrxmega4/libc.a(calloc.o)
 .data          0x0000000000802001        0x6 /home/avrToolchain/bin/../lib/gcc/avr/4.9.2/../../../../avr/lib/avrxmega4/libc.a(malloc.o)
                0x0000000000802001                __malloc_heap_end
                0x0000000000802003                __malloc_heap_start
                0x0000000000802005                __malloc_margin
 .data          0x0000000000802007        0x0 /home/avrToolchain/bin/../lib/gcc/avr/4.9.2/../../../../avr/lib/avrxmega4/libc.a(strnlen_P.o)
 .data          0x0000000000802007        0x0 /home/avrToolchain/bin/../lib/gcc/avr/4.9.2/../../../../avr/lib/avrxmega4/libc.a(memset.o)
 .data          0x0000000000802007        0x0 /home/avrToolchain/bin/../lib/gcc/avr/4.9.2/../../../../avr/lib/avrxmega4/libc.a(strnlen.o)
 .data          0x0000000000802007        0x0 /home/avrToolchain/bin/../lib/gcc/avr/4.9.2/../../../../avr/lib/avrxmega4/libc.a(fputc.o)
 .data          0x0000000000802007        0x0 /home/avrToolchain/bin/../lib/gcc/avr/4.9.2/../../../../avr/lib/avrxmega4/libc.a(ultoa_invert.o)
 *(.data*)
 *(.rodata)
 *(.rodata*)
 .rodata.str1.1
                0x0000000000802007       0x43 vec9_io.o
 *(.gnu.linkonce.d*)
                0x000000000080204a                . = ALIGN (0x2)
                0x000000000080204a                _edata = .
                0x000000000080204a                PROVIDE (__data_end, .)

.bss            0x000000000080204a       0x98
                0x000000000080204a                PROVIDE (__bss_start, .)
 *(.bss)
 .bss           0x000000000080204a        0x0 /home/avrToolchain/bin/../lib/gcc/avr/4.9.2/../../../../avr/lib/avrxmega4/crtatxmega64a3.o
 .bss           0x000000000080204a       0x75 vec9_io.o
 .bss           0x00000000008020bf        0x0 globals.o
 .bss           0x00000000008020bf        0x0 uart.o
 .bss           0x00000000008020bf        0x0 spi.o
 .bss           0x00000000008020bf       0x14 softclock.o
 .bss           0x00000000008020d3        0x0 /home/avrToolchain/bin/../lib/gcc/avr/4.9.2/avrxmega4/libgcc.a(_exit.o)
 .bss           0x00000000008020d3        0x0 /home/avrToolchain/bin/../lib/gcc/avr/4.9.2/avrxmega4/libgcc.a(_copy_data.o)
 .bss           0x00000000008020d3        0x0 /home/avrToolchain/bin/../lib/gcc/avr/4.9.2/avrxmega4/libgcc.a(_clear_bss.o)
 .bss           0x00000000008020d3        0x0 /home/avrToolchain/bin/../lib/gcc/avr/4.9.2/../../../../avr/lib/avrxmega4/libc.a(fdevopen.o)
 .bss           0x00000000008020d3        0x0 /home/avrToolchain/bin/../lib/gcc/avr/4.9.2/../../../../avr/lib/avrxmega4/libc.a(iob.o)
 .bss           0x00000000008020d3        0x0 /home/avrToolchain/bin/../lib/gcc/avr/4.9.2/../../../../avr/lib/avrxmega4/libc.a(printf.o)
 .bss           0x00000000008020d3        0x0 /home/avrToolchain/bin/../lib/gcc/avr/4.9.2/../../../../avr/lib/avrxmega4/libc.a(vfprintf_std.o)
 .bss           0x00000000008020d3        0x0 /home/avrToolchain/bin/../lib/gcc/avr/4.9.2/../../../../avr/lib/avrxmega4/libc.a(calloc.o)
 .bss           0x00000000008020d3        0x0 /home/avrToolchain/bin/../lib/gcc/avr/4.9.2/../../../../avr/lib/avrxmega4/libc.a(malloc.o)
 .bss           0x00000000008020d3        0x0 /home/avrToolchain/bin/../lib/gcc/avr/4.9.2/../../../../avr/lib/avrxmega4/libc.a(strnlen_P.o)
 .bss           0x00000000008020d3        0x0 /home/avrToolchain/bin/../lib/gcc/avr/4.9.2/../../../../avr/lib/avrxmega4/libc.a(memset.o)
 .bss           0x00000000008020d3        0x0 /home/avrToolchain/bin/../lib/gcc/avr/4.9.2/../../../../avr/lib/avrxmega4/libc.a(strnlen.o)
 .bss           0x00000000008020d3        0x0 /home/avrToolchain/bin/../lib/gcc/avr/4.9.2/../../../../avr/lib/avrxmega4/libc.a(fputc.o)
 .bss           0x00000000008020d3        0x0 /home/avrToolchain/bin/../lib/gcc/avr/4.9.2/../../../../avr/lib/avrxmega4/libc.a(ultoa_invert.o)
 *(.bss*)
 *(COMMON)
 COMMON         0x00000000008020d3        0x5 globals.o
                0x00000000008020d3                subState
                0x00000000008020d4                State
                0x00000000008020d6                systemTicks
 COMMON         0x00000000008020d8        0x6 /home/avrToolchain/bin/../lib/gcc/avr/4.9.2/../../../../avr/lib/avrxmega4/libc.a(iob.o)
                0x00000000008020d8                __iob
 COMMON         0x00000000008020de        0x4 /home/avrToolchain/bin/../lib/gcc/avr/4.9.2/../../../../avr/lib/avrxmega4/libc.a(malloc.o)
                0x00000000008020de                __brkval
                0x00000000008020e0                __flp
                0x00000000008020e2                PROVIDE (__bss_end, .)
                0x0000000000001858                __data_load_start = LOADADDR (.data)
                0x00000000000018a2                __data_load_end = (__data_load_start + SIZEOF (.data))

.noinit         0x00000000008020e2        0x0
                0x00000000008020e2                PROVIDE (__noinit_start, .)
 *(.noinit*)
                0x00000000008020e2                PROVIDE (__noinit_end, .)
                0x00000000008020e2                _end = .
                0x00000000008020e2                PROVIDE (__heap_start, .)

.eeprom         0x0000000000810000        0x0
 *(.eeprom*)
                0x0000000000810000                __eeprom_end = .

.fuse
 *(.fuse)
 *(.lfuse)
 *(.hfuse)
 *(.efuse)

.lock
 *(.lock*)

.signature
 *(.signature*)

.user_signatures
 *(.user_signatures*)

.stab
 *(.stab)

.stabstr
 *(.stabstr)

.stab.excl
 *(.stab.excl)

.stab.exclstr
 *(.stab.exclstr)

.stab.index
 *(.stab.index)

.stab.indexstr
 *(.stab.indexstr)

.comment        0x0000000000000000       0x5c
 *(.comment)
 .comment       0x0000000000000000       0x30 vec9_io.o
                                         0x31 (size before relaxing)
 .comment       0x0000000000000030       0x31 globals.o
 .comment       0x0000000000000030       0x31 uart.o
 .comment       0x0000000000000030       0x31 spi.o
 .comment       0x0000000000000030       0x31 softclock.o
 .comment       0x0000000000000030       0x2c /home/avrToolchain/bin/../lib/gcc/avr/4.9.2/../../../../avr/lib/avrxmega4/libc.a(fdevopen.o)
                                         0x2d (size before relaxing)
 .comment       0x000000000000005c       0x2d /home/avrToolchain/bin/../lib/gcc/avr/4.9.2/../../../../avr/lib/avrxmega4/libc.a(iob.o)
 .comment       0x000000000000005c       0x2d /home/avrToolchain/bin/../lib/gcc/avr/4.9.2/../../../../avr/lib/avrxmega4/libc.a(printf.o)
 .comment       0x000000000000005c       0x2d /home/avrToolchain/bin/../lib/gcc/avr/4.9.2/../../../../avr/lib/avrxmega4/libc.a(vfprintf_std.o)
 .comment       0x000000000000005c       0x2d /home/avrToolchain/bin/../lib/gcc/avr/4.9.2/../../../../avr/lib/avrxmega4/libc.a(calloc.o)
 .comment       0x000000000000005c       0x2d /home/avrToolchain/bin/../lib/gcc/avr/4.9.2/../../../../avr/lib/avrxmega4/libc.a(malloc.o)
 .comment       0x000000000000005c       0x2d /home/avrToolchain/bin/../lib/gcc/avr/4.9.2/../../../../avr/lib/avrxmega4/libc.a(fputc.o)

.note.gnu.avr.deviceinfo
                0x0000000000000000       0x40
 .note.gnu.avr.deviceinfo
                0x0000000000000000       0x40 /home/avrToolchain/bin/../lib/gcc/avr/4.9.2/../../../../avr/lib/avrxmega4/crtatxmega64a3.o

.note.gnu.build-id
 *(.note.gnu.build-id)

.debug
 *(.debug)

.line
 *(.line)

.debug_srcinfo
 *(.debug_srcinfo)

.debug_sfnames
 *(.debug_sfnames)

.debug_aranges  0x0000000000000000       0xa0
 *(.debug_aranges)
 .debug_aranges
                0x0000000000000000       0x28 vec9_io.o
 .debug_aranges
                0x0000000000000028       0x18 globals.o
 .debug_aranges
                0x0000000000000040       0x20 uart.o
 .debug_aranges
                0x0000000000000060       0x20 spi.o
 .debug_aranges
                0x0000000000000080       0x20 softclock.o

.debug_pubnames
 *(.debug_pubnames)

.debug_info     0x0000000000000000     0x2abb
 *(.debug_info .gnu.linkonce.wi.*)
 .debug_info    0x0000000000000000     0x1fe3 vec9_io.o
 .debug_info    0x0000000000001fe3       0xb2 globals.o
 .debug_info    0x0000000000002095      0x455 uart.o
 .debug_info    0x00000000000024ea      0x3fa spi.o
 .debug_info    0x00000000000028e4      0x1d7 softclock.o

.debug_abbrev   0x0000000000000000      0x7e6
 *(.debug_abbrev)
 .debug_abbrev  0x0000000000000000      0x420 vec9_io.o
 .debug_abbrev  0x0000000000000420       0x5b globals.o
 .debug_abbrev  0x000000000000047b      0x16c uart.o
 .debug_abbrev  0x00000000000005e7      0x125 spi.o
 .debug_abbrev  0x000000000000070c       0xda softclock.o

.debug_line     0x0000000000000000      0x583
 *(.debug_line .debug_line.* .debug_line_end)
 .debug_line    0x0000000000000000      0x33e vec9_io.o
 .debug_line    0x000000000000033e       0x34 globals.o
 .debug_line    0x0000000000000372       0xca uart.o
 .debug_line    0x000000000000043c       0xb4 spi.o
 .debug_line    0x00000000000004f0       0x93 softclock.o

.debug_frame    0x0000000000000000      0x2b4
 *(.debug_frame)
 .debug_frame   0x0000000000000000      0x164 vec9_io.o
 .debug_frame   0x0000000000000164       0x94 uart.o
 .debug_frame   0x00000000000001f8       0x68 spi.o
 .debug_frame   0x0000000000000260       0x54 softclock.o

.debug_str      0x0000000000000000     0x15a7
 *(.debug_str)
 .debug_str     0x0000000000000000     0x1381 vec9_io.o
                                       0x13e9 (size before relaxing)
 .debug_str     0x0000000000001381        0xa globals.o
                                        0x157 (size before relaxing)
 .debug_str     0x000000000000138b       0xc5 uart.o
                                        0x38c (size before relaxing)
 .debug_str     0x0000000000001450      0x109 spi.o
                                        0x41f (size before relaxing)
 .debug_str     0x0000000000001559       0x4e softclock.o
                                        0x1f3 (size before relaxing)

.debug_loc      0x0000000000000000      0x54a
 *(.debug_loc)
 .debug_loc     0x0000000000000000      0x438 vec9_io.o
 .debug_loc     0x0000000000000438       0x8e spi.o
 .debug_loc     0x00000000000004c6       0x84 softclock.o

.debug_macinfo
 *(.debug_macinfo)

.debug_weaknames
 *(.debug_weaknames)

.debug_funcnames
 *(.debug_funcnames)

.debug_typenames
 *(.debug_typenames)

.debug_varnames
 *(.debug_varnames)

.debug_pubtypes
 *(.debug_pubtypes)

.debug_ranges   0x0000000000000000       0x18
 *(.debug_ranges)
 .debug_ranges  0x0000000000000000       0x18 vec9_io.o

.debug_macro
 *(.debug_macro)
OUTPUT(vec9_io.elf elf32-avr)
LOAD linker stubs

Cross Reference Table

Symbol                                            File
CheckTimer                                        softclock.o
                                                  vec9_io.o
DoBusyWait                                        spi.o
ExpireTimer                                       softclock.o
GetByteFromRxFifo                                 vec9_io.o
InitSpi                                           spi.o
InitUart                                          uart.o
                                                  vec9_io.o
ResetTimer                                        softclock.o
SetState                                          vec9_io.o
SetTimer                                          softclock.o
                                                  vec9_io.o
SpiTransferComplete                               spi.o
State                                             globals.o
                                                  vec9_io.o
TransferSpiByte                                   spi.o
UartFlushBuffer                                   uart.o
UartGetByte                                       uart.o
UartGotByte                                       uart.o
UartPutChar                                       vec9_io.o
UartSendByte                                      uart.o
                                                  vec9_io.o
UartTxBufferReady                                 uart.o
                                                  vec9_io.o
UartWaitForByte                                   uart.o
UnInitUart                                        uart.o
__bad_interrupt                                   /home/avrToolchain/bin/../lib/gcc/avr/4.9.2/../../../../avr/lib/avrxmega4/crtatxmega64a3.o
__brkval                                          /home/avrToolchain/bin/../lib/gcc/avr/4.9.2/../../../../avr/lib/avrxmega4/libc.a(malloc.o)
__bss_end                                         /home/avrToolchain/bin/../lib/gcc/avr/4.9.2/avrxmega4/libgcc.a(_clear_bss.o)
__bss_start                                       /home/avrToolchain/bin/../lib/gcc/avr/4.9.2/avrxmega4/libgcc.a(_clear_bss.o)
__data_end                                        /home/avrToolchain/bin/../lib/gcc/avr/4.9.2/avrxmega4/libgcc.a(_copy_data.o)
__data_load_start                                 /home/avrToolchain/bin/../lib/gcc/avr/4.9.2/avrxmega4/libgcc.a(_copy_data.o)
__data_start                                      /home/avrToolchain/bin/../lib/gcc/avr/4.9.2/avrxmega4/libgcc.a(_copy_data.o)
__do_clear_bss                                    /home/avrToolchain/bin/../lib/gcc/avr/4.9.2/avrxmega4/libgcc.a(_clear_bss.o)
                                                  /home/avrToolchain/bin/../lib/gcc/avr/4.9.2/../../../../avr/lib/avrxmega4/libc.a(malloc.o)
                                                  /home/avrToolchain/bin/../lib/gcc/avr/4.9.2/../../../../avr/lib/avrxmega4/libc.a(iob.o)
                                                  softclock.o
                                                  globals.o
                                                  vec9_io.o
__do_copy_data                                    /home/avrToolchain/bin/../lib/gcc/avr/4.9.2/avrxmega4/libgcc.a(_copy_data.o)
                                                  /home/avrToolchain/bin/../lib/gcc/avr/4.9.2/../../../../avr/lib/avrxmega4/libc.a(malloc.o)
                                                  vec9_io.o
__flp                                             /home/avrToolchain/bin/../lib/gcc/avr/4.9.2/../../../../avr/lib/avrxmega4/libc.a(malloc.o)
__heap_end                                        /home/avrToolchain/bin/../lib/gcc/avr/4.9.2/../../../../avr/lib/avrxmega4/crtatxmega64a3.o
                                                  /home/avrToolchain/bin/../lib/gcc/avr/4.9.2/../../../../avr/lib/avrxmega4/libc.a(malloc.o)
__heap_start                                      /home/avrToolchain/bin/../lib/gcc/avr/4.9.2/../../../../avr/lib/avrxmega4/libc.a(malloc.o)
__init                                            /home/avrToolchain/bin/../lib/gcc/avr/4.9.2/../../../../avr/lib/avrxmega4/crtatxmega64a3.o
__iob                                             /home/avrToolchain/bin/../lib/gcc/avr/4.9.2/../../../../avr/lib/avrxmega4/libc.a(iob.o)
                                                  /home/avrToolchain/bin/../lib/gcc/avr/4.9.2/../../../../avr/lib/avrxmega4/libc.a(printf.o)
                                                  /home/avrToolchain/bin/../lib/gcc/avr/4.9.2/../../../../avr/lib/avrxmega4/libc.a(fdevopen.o)
__malloc_heap_end                                 /home/avrToolchain/bin/../lib/gcc/avr/4.9.2/../../../../avr/lib/avrxmega4/libc.a(malloc.o)
__malloc_heap_start                               /home/avrToolchain/bin/../lib/gcc/avr/4.9.2/../../../../avr/lib/avrxmega4/libc.a(malloc.o)
__malloc_margin                                   /home/avrToolchain/bin/../lib/gcc/avr/4.9.2/../../../../avr/lib/avrxmega4/libc.a(malloc.o)
__stack                                           /home/avrToolchain/bin/../lib/gcc/avr/4.9.2/../../../../avr/lib/avrxmega4/crtatxmega64a3.o
__ultoa_invert                                    /home/avrToolchain/bin/../lib/gcc/avr/4.9.2/../../../../avr/lib/avrxmega4/libc.a(ultoa_invert.o)
                                                  /home/avrToolchain/bin/../lib/gcc/avr/4.9.2/../../../../avr/lib/avrxmega4/libc.a(vfprintf_std.o)
__vector_1                                        /home/avrToolchain/bin/../lib/gcc/avr/4.9.2/../../../../avr/lib/avrxmega4/crtatxmega64a3.o
__vector_10                                       /home/avrToolchain/bin/../lib/gcc/avr/4.9.2/../../../../avr/lib/avrxmega4/crtatxmega64a3.o
__vector_100                                      /home/avrToolchain/bin/../lib/gcc/avr/4.9.2/../../../../avr/lib/avrxmega4/crtatxmega64a3.o
__vector_101                                      /home/avrToolchain/bin/../lib/gcc/avr/4.9.2/../../../../avr/lib/avrxmega4/crtatxmega64a3.o
__vector_102                                      /home/avrToolchain/bin/../lib/gcc/avr/4.9.2/../../../../avr/lib/avrxmega4/crtatxmega64a3.o
__vector_103                                      /home/avrToolchain/bin/../lib/gcc/avr/4.9.2/../../../../avr/lib/avrxmega4/crtatxmega64a3.o
__vector_104                                      /home/avrToolchain/bin/../lib/gcc/avr/4.9.2/../../../../avr/lib/avrxmega4/crtatxmega64a3.o
__vector_105                                      /home/avrToolchain/bin/../lib/gcc/avr/4.9.2/../../../../avr/lib/avrxmega4/crtatxmega64a3.o
__vector_106                                      /home/avrToolchain/bin/../lib/gcc/avr/4.9.2/../../../../avr/lib/avrxmega4/crtatxmega64a3.o
__vector_107                                      /home/avrToolchain/bin/../lib/gcc/avr/4.9.2/../../../../avr/lib/avrxmega4/crtatxmega64a3.o
__vector_108                                      /home/avrToolchain/bin/../lib/gcc/avr/4.9.2/../../../../avr/lib/avrxmega4/crtatxmega64a3.o
__vector_109                                      /home/avrToolchain/bin/../lib/gcc/avr/4.9.2/../../../../avr/lib/avrxmega4/crtatxmega64a3.o
__vector_11                                       /home/avrToolchain/bin/../lib/gcc/avr/4.9.2/../../../../avr/lib/avrxmega4/crtatxmega64a3.o
__vector_110                                      /home/avrToolchain/bin/../lib/gcc/avr/4.9.2/../../../../avr/lib/avrxmega4/crtatxmega64a3.o
__vector_111                                      /home/avrToolchain/bin/../lib/gcc/avr/4.9.2/../../../../avr/lib/avrxmega4/crtatxmega64a3.o
__vector_112                                      /home/avrToolchain/bin/../lib/gcc/avr/4.9.2/../../../../avr/lib/avrxmega4/crtatxmega64a3.o
__vector_113                                      /home/avrToolchain/bin/../lib/gcc/avr/4.9.2/../../../../avr/lib/avrxmega4/crtatxmega64a3.o
__vector_114                                      /home/avrToolchain/bin/../lib/gcc/avr/4.9.2/../../../../avr/lib/avrxmega4/crtatxmega64a3.o
__vector_115                                      /home/avrToolchain/bin/../lib/gcc/avr/4.9.2/../../../../avr/lib/avrxmega4/crtatxmega64a3.o
__vector_116                                      /home/avrToolchain/bin/../lib/gcc/avr/4.9.2/../../../../avr/lib/avrxmega4/crtatxmega64a3.o
__vector_117                                      /home/avrToolchain/bin/../lib/gcc/avr/4.9.2/../../../../avr/lib/avrxmega4/crtatxmega64a3.o
__vector_118                                      /home/avrToolchain/bin/../lib/gcc/avr/4.9.2/../../../../avr/lib/avrxmega4/crtatxmega64a3.o
__vector_119                                      vec9_io.o
                                                  /home/avrToolchain/bin/../lib/gcc/avr/4.9.2/../../../../avr/lib/avrxmega4/crtatxmega64a3.o
__vector_12                                       /home/avrToolchain/bin/../lib/gcc/avr/4.9.2/../../../../avr/lib/avrxmega4/crtatxmega64a3.o
__vector_120                                      /home/avrToolchain/bin/../lib/gcc/avr/4.9.2/../../../../avr/lib/avrxmega4/crtatxmega64a3.o
__vector_121                                      /home/avrToolchain/bin/../lib/gcc/avr/4.9.2/../../../../avr/lib/avrxmega4/crtatxmega64a3.o
__vector_13                                       /home/avrToolchain/bin/../lib/gcc/avr/4.9.2/../../../../avr/lib/avrxmega4/crtatxmega64a3.o
__vector_14                                       /home/avrToolchain/bin/../lib/gcc/avr/4.9.2/../../../../avr/lib/avrxmega4/crtatxmega64a3.o
__vector_15                                       /home/avrToolchain/bin/../lib/gcc/avr/4.9.2/../../../../avr/lib/avrxmega4/crtatxmega64a3.o
__vector_16                                       /home/avrToolchain/bin/../lib/gcc/avr/4.9.2/../../../../avr/lib/avrxmega4/crtatxmega64a3.o
__vector_17                                       /home/avrToolchain/bin/../lib/gcc/avr/4.9.2/../../../../avr/lib/avrxmega4/crtatxmega64a3.o
__vector_18                                       /home/avrToolchain/bin/../lib/gcc/avr/4.9.2/../../../../avr/lib/avrxmega4/crtatxmega64a3.o
__vector_19                                       /home/avrToolchain/bin/../lib/gcc/avr/4.9.2/../../../../avr/lib/avrxmega4/crtatxmega64a3.o
__vector_2                                        /home/avrToolchain/bin/../lib/gcc/avr/4.9.2/../../../../avr/lib/avrxmega4/crtatxmega64a3.o
__vector_20                                       /home/avrToolchain/bin/../lib/gcc/avr/4.9.2/../../../../avr/lib/avrxmega4/crtatxmega64a3.o
__vector_21                                       /home/avrToolchain/bin/../lib/gcc/avr/4.9.2/../../../../avr/lib/avrxmega4/crtatxmega64a3.o
__vector_22                                       /home/avrToolchain/bin/../lib/gcc/avr/4.9.2/../../../../avr/lib/avrxmega4/crtatxmega64a3.o
__vector_23                                       /home/avrToolchain/bin/../lib/gcc/avr/4.9.2/../../../../avr/lib/avrxmega4/crtatxmega64a3.o
__vector_24                                       /home/avrToolchain/bin/../lib/gcc/avr/4.9.2/../../../../avr/lib/avrxmega4/crtatxmega64a3.o
__vector_25                                       /home/avrToolchain/bin/../lib/gcc/avr/4.9.2/../../../../avr/lib/avrxmega4/crtatxmega64a3.o
__vector_26                                       /home/avrToolchain/bin/../lib/gcc/avr/4.9.2/../../../../avr/lib/avrxmega4/crtatxmega64a3.o
__vector_27                                       /home/avrToolchain/bin/../lib/gcc/avr/4.9.2/../../../../avr/lib/avrxmega4/crtatxmega64a3.o
__vector_28                                       /home/avrToolchain/bin/../lib/gcc/avr/4.9.2/../../../../avr/lib/avrxmega4/crtatxmega64a3.o
__vector_29                                       /home/avrToolchain/bin/../lib/gcc/avr/4.9.2/../../../../avr/lib/avrxmega4/crtatxmega64a3.o
__vector_3                                        /home/avrToolchain/bin/../lib/gcc/avr/4.9.2/../../../../avr/lib/avrxmega4/crtatxmega64a3.o
__vector_30                                       /home/avrToolchain/bin/../lib/gcc/avr/4.9.2/../../../../avr/lib/avrxmega4/crtatxmega64a3.o
__vector_31                                       /home/avrToolchain/bin/../lib/gcc/avr/4.9.2/../../../../avr/lib/avrxmega4/crtatxmega64a3.o
__vector_32                                       /home/avrToolchain/bin/../lib/gcc/avr/4.9.2/../../../../avr/lib/avrxmega4/crtatxmega64a3.o
__vector_33                                       /home/avrToolchain/bin/../lib/gcc/avr/4.9.2/../../../../avr/lib/avrxmega4/crtatxmega64a3.o
__vector_34                                       /home/avrToolchain/bin/../lib/gcc/avr/4.9.2/../../../../avr/lib/avrxmega4/crtatxmega64a3.o
__vector_35                                       /home/avrToolchain/bin/../lib/gcc/avr/4.9.2/../../../../avr/lib/avrxmega4/crtatxmega64a3.o
__vector_36                                       /home/avrToolchain/bin/../lib/gcc/avr/4.9.2/../../../../avr/lib/avrxmega4/crtatxmega64a3.o
__vector_37                                       /home/avrToolchain/bin/../lib/gcc/avr/4.9.2/../../../../avr/lib/avrxmega4/crtatxmega64a3.o
__vector_38                                       /home/avrToolchain/bin/../lib/gcc/avr/4.9.2/../../../../avr/lib/avrxmega4/crtatxmega64a3.o
__vector_39                                       /home/avrToolchain/bin/../lib/gcc/avr/4.9.2/../../../../avr/lib/avrxmega4/crtatxmega64a3.o
__vector_4                                        /home/avrToolchain/bin/../lib/gcc/avr/4.9.2/../../../../avr/lib/avrxmega4/crtatxmega64a3.o
__vector_40                                       /home/avrToolchain/bin/../lib/gcc/avr/4.9.2/../../../../avr/lib/avrxmega4/crtatxmega64a3.o
__vector_41                                       /home/avrToolchain/bin/../lib/gcc/avr/4.9.2/../../../../avr/lib/avrxmega4/crtatxmega64a3.o
__vector_42                                       /home/avrToolchain/bin/../lib/gcc/avr/4.9.2/../../../../avr/lib/avrxmega4/crtatxmega64a3.o
__vector_43                                       /home/avrToolchain/bin/../lib/gcc/avr/4.9.2/../../../../avr/lib/avrxmega4/crtatxmega64a3.o
__vector_44                                       /home/avrToolchain/bin/../lib/gcc/avr/4.9.2/../../../../avr/lib/avrxmega4/crtatxmega64a3.o
__vector_45                                       /home/avrToolchain/bin/../lib/gcc/avr/4.9.2/../../../../avr/lib/avrxmega4/crtatxmega64a3.o
__vector_46                                       /home/avrToolchain/bin/../lib/gcc/avr/4.9.2/../../../../avr/lib/avrxmega4/crtatxmega64a3.o
__vector_47                                       vec9_io.o
                                                  /home/avrToolchain/bin/../lib/gcc/avr/4.9.2/../../../../avr/lib/avrxmega4/crtatxmega64a3.o
__vector_48                                       /home/avrToolchain/bin/../lib/gcc/avr/4.9.2/../../../../avr/lib/avrxmega4/crtatxmega64a3.o
__vector_49                                       /home/avrToolchain/bin/../lib/gcc/avr/4.9.2/../../../../avr/lib/avrxmega4/crtatxmega64a3.o
__vector_5                                        /home/avrToolchain/bin/../lib/gcc/avr/4.9.2/../../../../avr/lib/avrxmega4/crtatxmega64a3.o
__vector_50                                       /home/avrToolchain/bin/../lib/gcc/avr/4.9.2/../../../../avr/lib/avrxmega4/crtatxmega64a3.o
__vector_51                                       /home/avrToolchain/bin/../lib/gcc/avr/4.9.2/../../../../avr/lib/avrxmega4/crtatxmega64a3.o
__vector_52                                       /home/avrToolchain/bin/../lib/gcc/avr/4.9.2/../../../../avr/lib/avrxmega4/crtatxmega64a3.o
__vector_53                                       /home/avrToolchain/bin/../lib/gcc/avr/4.9.2/../../../../avr/lib/avrxmega4/crtatxmega64a3.o
__vector_54                                       /home/avrToolchain/bin/../lib/gcc/avr/4.9.2/../../../../avr/lib/avrxmega4/crtatxmega64a3.o
__vector_55                                       /home/avrToolchain/bin/../lib/gcc/avr/4.9.2/../../../../avr/lib/avrxmega4/crtatxmega64a3.o
__vector_56                                       /home/avrToolchain/bin/../lib/gcc/avr/4.9.2/../../../../avr/lib/avrxmega4/crtatxmega64a3.o
__vector_57                                       /home/avrToolchain/bin/../lib/gcc/avr/4.9.2/../../../../avr/lib/avrxmega4/crtatxmega64a3.o
__vector_58                                       /home/avrToolchain/bin/../lib/gcc/avr/4.9.2/../../../../avr/lib/avrxmega4/crtatxmega64a3.o
__vector_59                                       /home/avrToolchain/bin/../lib/gcc/avr/4.9.2/../../../../avr/lib/avrxmega4/crtatxmega64a3.o
__vector_6                                        /home/avrToolchain/bin/../lib/gcc/avr/4.9.2/../../../../avr/lib/avrxmega4/crtatxmega64a3.o
__vector_60                                       /home/avrToolchain/bin/../lib/gcc/avr/4.9.2/../../../../avr/lib/avrxmega4/crtatxmega64a3.o
__vector_61                                       /home/avrToolchain/bin/../lib/gcc/avr/4.9.2/../../../../avr/lib/avrxmega4/crtatxmega64a3.o
__vector_62                                       /home/avrToolchain/bin/../lib/gcc/avr/4.9.2/../../../../avr/lib/avrxmega4/crtatxmega64a3.o
__vector_63                                       /home/avrToolchain/bin/../lib/gcc/avr/4.9.2/../../../../avr/lib/avrxmega4/crtatxmega64a3.o
__vector_64                                       vec9_io.o
                                                  /home/avrToolchain/bin/../lib/gcc/avr/4.9.2/../../../../avr/lib/avrxmega4/crtatxmega64a3.o
__vector_65                                       /home/avrToolchain/bin/../lib/gcc/avr/4.9.2/../../../../avr/lib/avrxmega4/crtatxmega64a3.o
__vector_66                                       /home/avrToolchain/bin/../lib/gcc/avr/4.9.2/../../../../avr/lib/avrxmega4/crtatxmega64a3.o
__vector_67                                       /home/avrToolchain/bin/../lib/gcc/avr/4.9.2/../../../../avr/lib/avrxmega4/crtatxmega64a3.o
__vector_68                                       /home/avrToolchain/bin/../lib/gcc/avr/4.9.2/../../../../avr/lib/avrxmega4/crtatxmega64a3.o
__vector_69                                       /home/avrToolchain/bin/../lib/gcc/avr/4.9.2/../../../../avr/lib/avrxmega4/crtatxmega64a3.o
__vector_7                                        /home/avrToolchain/bin/../lib/gcc/avr/4.9.2/../../../../avr/lib/avrxmega4/crtatxmega64a3.o
__vector_70                                       /home/avrToolchain/bin/../lib/gcc/avr/4.9.2/../../../../avr/lib/avrxmega4/crtatxmega64a3.o
__vector_71                                       /home/avrToolchain/bin/../lib/gcc/avr/4.9.2/../../../../avr/lib/avrxmega4/crtatxmega64a3.o
__vector_72                                       /home/avrToolchain/bin/../lib/gcc/avr/4.9.2/../../../../avr/lib/avrxmega4/crtatxmega64a3.o
__vector_73                                       /home/avrToolchain/bin/../lib/gcc/avr/4.9.2/../../../../avr/lib/avrxmega4/crtatxmega64a3.o
__vector_74                                       /home/avrToolchain/bin/../lib/gcc/avr/4.9.2/../../../../avr/lib/avrxmega4/crtatxmega64a3.o
__vector_75                                       /home/avrToolchain/bin/../lib/gcc/avr/4.9.2/../../../../avr/lib/avrxmega4/crtatxmega64a3.o
__vector_76                                       /home/avrToolchain/bin/../lib/gcc/avr/4.9.2/../../../../avr/lib/avrxmega4/crtatxmega64a3.o
__vector_77                                       /home/avrToolchain/bin/../lib/gcc/avr/4.9.2/../../../../avr/lib/avrxmega4/crtatxmega64a3.o
__vector_78                                       /home/avrToolchain/bin/../lib/gcc/avr/4.9.2/../../../../avr/lib/avrxmega4/crtatxmega64a3.o
__vector_79                                       /home/avrToolchain/bin/../lib/gcc/avr/4.9.2/../../../../avr/lib/avrxmega4/crtatxmega64a3.o
__vector_8                                        /home/avrToolchain/bin/../lib/gcc/avr/4.9.2/../../../../avr/lib/avrxmega4/crtatxmega64a3.o
__vector_80                                       /home/avrToolchain/bin/../lib/gcc/avr/4.9.2/../../../../avr/lib/avrxmega4/crtatxmega64a3.o
__vector_81                                       /home/avrToolchain/bin/../lib/gcc/avr/4.9.2/../../../../avr/lib/avrxmega4/crtatxmega64a3.o
__vector_82                                       /home/avrToolchain/bin/../lib/gcc/avr/4.9.2/../../../../avr/lib/avrxmega4/crtatxmega64a3.o
__vector_83                                       /home/avrToolchain/bin/../lib/gcc/avr/4.9.2/../../../../avr/lib/avrxmega4/crtatxmega64a3.o
__vector_84                                       /home/avrToolchain/bin/../lib/gcc/avr/4.9.2/../../../../avr/lib/avrxmega4/crtatxmega64a3.o
__vector_85                                       /home/avrToolchain/bin/../lib/gcc/avr/4.9.2/../../../../avr/lib/avrxmega4/crtatxmega64a3.o
__vector_86                                       /home/avrToolchain/bin/../lib/gcc/avr/4.9.2/../../../../avr/lib/avrxmega4/crtatxmega64a3.o
__vector_87                                       /home/avrToolchain/bin/../lib/gcc/avr/4.9.2/../../../../avr/lib/avrxmega4/crtatxmega64a3.o
__vector_88                                       /home/avrToolchain/bin/../lib/gcc/avr/4.9.2/../../../../avr/lib/avrxmega4/crtatxmega64a3.o
__vector_89                                       /home/avrToolchain/bin/../lib/gcc/avr/4.9.2/../../../../avr/lib/avrxmega4/crtatxmega64a3.o
__vector_9                                        /home/avrToolchain/bin/../lib/gcc/avr/4.9.2/../../../../avr/lib/avrxmega4/crtatxmega64a3.o
__vector_90                                       /home/avrToolchain/bin/../lib/gcc/avr/4.9.2/../../../../avr/lib/avrxmega4/crtatxmega64a3.o
__vector_91                                       /home/avrToolchain/bin/../lib/gcc/avr/4.9.2/../../../../avr/lib/avrxmega4/crtatxmega64a3.o
__vector_92                                       /home/avrToolchain/bin/../lib/gcc/avr/4.9.2/../../../../avr/lib/avrxmega4/crtatxmega64a3.o
__vector_93                                       /home/avrToolchain/bin/../lib/gcc/avr/4.9.2/../../../../avr/lib/avrxmega4/crtatxmega64a3.o
__vector_94                                       /home/avrToolchain/bin/../lib/gcc/avr/4.9.2/../../../../avr/lib/avrxmega4/crtatxmega64a3.o
__vector_95                                       /home/avrToolchain/bin/../lib/gcc/avr/4.9.2/../../../../avr/lib/avrxmega4/crtatxmega64a3.o
__vector_96                                       /home/avrToolchain/bin/../lib/gcc/avr/4.9.2/../../../../avr/lib/avrxmega4/crtatxmega64a3.o
__vector_97                                       /home/avrToolchain/bin/../lib/gcc/avr/4.9.2/../../../../avr/lib/avrxmega4/crtatxmega64a3.o
__vector_98                                       /home/avrToolchain/bin/../lib/gcc/avr/4.9.2/../../../../avr/lib/avrxmega4/crtatxmega64a3.o
__vector_99                                       /home/avrToolchain/bin/../lib/gcc/avr/4.9.2/../../../../avr/lib/avrxmega4/crtatxmega64a3.o
__vector_default                                  vec9_io.o
                                                  /home/avrToolchain/bin/../lib/gcc/avr/4.9.2/../../../../avr/lib/avrxmega4/crtatxmega64a3.o
__vectors                                         /home/avrToolchain/bin/../lib/gcc/avr/4.9.2/../../../../avr/lib/avrxmega4/crtatxmega64a3.o
_exit                                             /home/avrToolchain/bin/../lib/gcc/avr/4.9.2/avrxmega4/libgcc.a(_exit.o)
calloc                                            /home/avrToolchain/bin/../lib/gcc/avr/4.9.2/../../../../avr/lib/avrxmega4/libc.a(calloc.o)
                                                  /home/avrToolchain/bin/../lib/gcc/avr/4.9.2/../../../../avr/lib/avrxmega4/libc.a(fdevopen.o)
exit                                              /home/avrToolchain/bin/../lib/gcc/avr/4.9.2/avrxmega4/libgcc.a(_exit.o)
                                                  /home/avrToolchain/bin/../lib/gcc/avr/4.9.2/../../../../avr/lib/avrxmega4/crtatxmega64a3.o
fdevopen                                          /home/avrToolchain/bin/../lib/gcc/avr/4.9.2/../../../../avr/lib/avrxmega4/libc.a(fdevopen.o)
                                                  vec9_io.o
fputc                                             /home/avrToolchain/bin/../lib/gcc/avr/4.9.2/../../../../avr/lib/avrxmega4/libc.a(fputc.o)
                                                  /home/avrToolchain/bin/../lib/gcc/avr/4.9.2/../../../../avr/lib/avrxmega4/libc.a(vfprintf_std.o)
free                                              /home/avrToolchain/bin/../lib/gcc/avr/4.9.2/../../../../avr/lib/avrxmega4/libc.a(malloc.o)
main                                              vec9_io.o
                                                  /home/avrToolchain/bin/../lib/gcc/avr/4.9.2/../../../../avr/lib/avrxmega4/crtatxmega64a3.o
malloc                                            /home/avrToolchain/bin/../lib/gcc/avr/4.9.2/../../../../avr/lib/avrxmega4/libc.a(malloc.o)
                                                  /home/avrToolchain/bin/../lib/gcc/avr/4.9.2/../../../../avr/lib/avrxmega4/libc.a(calloc.o)
memset                                            /home/avrToolchain/bin/../lib/gcc/avr/4.9.2/../../../../avr/lib/avrxmega4/libc.a(memset.o)
                                                  /home/avrToolchain/bin/../lib/gcc/avr/4.9.2/../../../../avr/lib/avrxmega4/libc.a(calloc.o)
printf                                            /home/avrToolchain/bin/../lib/gcc/avr/4.9.2/../../../../avr/lib/avrxmega4/libc.a(printf.o)
                                                  vec9_io.o
strnlen                                           /home/avrToolchain/bin/../lib/gcc/avr/4.9.2/../../../../avr/lib/avrxmega4/libc.a(strnlen.o)
                                                  /home/avrToolchain/bin/../lib/gcc/avr/4.9.2/../../../../avr/lib/avrxmega4/libc.a(vfprintf_std.o)
strnlen_P                                         /home/avrToolchain/bin/../lib/gcc/avr/4.9.2/../../../../avr/lib/avrxmega4/libc.a(strnlen_P.o)
                                                  /home/avrToolchain/bin/../lib/gcc/avr/4.9.2/../../../../avr/lib/avrxmega4/libc.a(vfprintf_std.o)
subState                                          globals.o
                                                  vec9_io.o
systemTicks                                       globals.o
                                                  softclock.o
                                                  vec9_io.o
vfprintf                                          /home/avrToolchain/bin/../lib/gcc/avr/4.9.2/../../../../avr/lib/avrxmega4/libc.a(vfprintf_std.o)
                                                  /home/avrToolchain/bin/../lib/gcc/avr/4.9.2/../../../../avr/lib/avrxmega4/libc.a(printf.o)
