Archive member included because of file (symbol)

/usr/lib/gcc/avr/4.8.2/avrxmega4/libgcc.a(_exit.o)
                              /usr/lib/gcc/avr/4.8.2/../../../avr/lib/avrxmega4/crtx64a3.o (exit)
/usr/lib/gcc/avr/4.8.2/avrxmega4/libgcc.a(_copy_data.o)
                              vec9_io.o (__do_copy_data)
/usr/lib/gcc/avr/4.8.2/avrxmega4/libgcc.a(_clear_bss.o)
                              vec9_io.o (__do_clear_bss)
/usr/lib/gcc/avr/4.8.2/../../../avr/lib/avrxmega4/libc.a(fdevopen.o)
                              vec9_io.o (fdevopen)
/usr/lib/gcc/avr/4.8.2/../../../avr/lib/avrxmega4/libc.a(iob.o)
                              /usr/lib/gcc/avr/4.8.2/../../../avr/lib/avrxmega4/libc.a(fdevopen.o) (__iob)
/usr/lib/gcc/avr/4.8.2/../../../avr/lib/avrxmega4/libc.a(printf.o)
                              vec9_io.o (printf)
/usr/lib/gcc/avr/4.8.2/../../../avr/lib/avrxmega4/libc.a(vfprintf_std.o)
                              /usr/lib/gcc/avr/4.8.2/../../../avr/lib/avrxmega4/libc.a(printf.o) (vfprintf)
/usr/lib/gcc/avr/4.8.2/../../../avr/lib/avrxmega4/libc.a(calloc.o)
                              /usr/lib/gcc/avr/4.8.2/../../../avr/lib/avrxmega4/libc.a(fdevopen.o) (calloc)
/usr/lib/gcc/avr/4.8.2/../../../avr/lib/avrxmega4/libc.a(malloc.o)
                              /usr/lib/gcc/avr/4.8.2/../../../avr/lib/avrxmega4/libc.a(calloc.o) (malloc)
/usr/lib/gcc/avr/4.8.2/../../../avr/lib/avrxmega4/libc.a(strnlen_P.o)
                              /usr/lib/gcc/avr/4.8.2/../../../avr/lib/avrxmega4/libc.a(vfprintf_std.o) (strnlen_P)
/usr/lib/gcc/avr/4.8.2/../../../avr/lib/avrxmega4/libc.a(memset.o)
                              /usr/lib/gcc/avr/4.8.2/../../../avr/lib/avrxmega4/libc.a(calloc.o) (memset)
/usr/lib/gcc/avr/4.8.2/../../../avr/lib/avrxmega4/libc.a(strnlen.o)
                              /usr/lib/gcc/avr/4.8.2/../../../avr/lib/avrxmega4/libc.a(vfprintf_std.o) (strnlen)
/usr/lib/gcc/avr/4.8.2/../../../avr/lib/avrxmega4/libc.a(fputc.o)
                              /usr/lib/gcc/avr/4.8.2/../../../avr/lib/avrxmega4/libc.a(vfprintf_std.o) (fputc)
/usr/lib/gcc/avr/4.8.2/../../../avr/lib/avrxmega4/libc.a(ultoa_invert.o)
                              /usr/lib/gcc/avr/4.8.2/../../../avr/lib/avrxmega4/libc.a(vfprintf_std.o) (__ultoa_invert)

Allocating common symbols
Common symbol       size              file

subState            0x1               globals.o
__brkval            0x2               /usr/lib/gcc/avr/4.8.2/../../../avr/lib/avrxmega4/libc.a(malloc.o)
State               0x2               globals.o
systemTicks         0x2               globals.o
__flp               0x2               /usr/lib/gcc/avr/4.8.2/../../../avr/lib/avrxmega4/libc.a(malloc.o)
__iob               0x6               /usr/lib/gcc/avr/4.8.2/../../../avr/lib/avrxmega4/libc.a(iob.o)

Memory Configuration

Name             Origin             Length             Attributes
text             0x00000000         0x00100000         xr
data             0x00802000         0x0000ffa0         rw !x
eeprom           0x00810000         0x00010000         rw !x
fuse             0x00820000         0x00000400         rw !x
lock             0x00830000         0x00000400         rw !x
signature        0x00840000         0x00000400         rw !x
user_signatures  0x00850000         0x00000400         rw !x
*default*        0x00000000         0xffffffff

Linker script and memory map

LOAD /usr/lib/gcc/avr/4.8.2/../../../avr/lib/avrxmega4/crtx64a3.o
LOAD vec9_io.o
LOAD globals.o
LOAD uart.o
LOAD spi.o
LOAD softclock.o
LOAD /usr/lib/gcc/avr/4.8.2/../../../avr/lib/avrxmega4/libm.a
START GROUP
LOAD /usr/lib/gcc/avr/4.8.2/avrxmega4/libgcc.a
LOAD /usr/lib/gcc/avr/4.8.2/../../../avr/lib/avrxmega4/libm.a
LOAD /usr/lib/gcc/avr/4.8.2/../../../avr/lib/avrxmega4/libc.a
END GROUP

.hash
 *(.hash)

.dynsym
 *(.dynsym)

.dynstr
 *(.dynstr)

.gnu.version
 *(.gnu.version)

.gnu.version_d
 *(.gnu.version_d)

.gnu.version_r
 *(.gnu.version_r)

.rel.init
 *(.rel.init)

.rela.init
 *(.rela.init)

.rel.text
 *(.rel.text)
 *(.rel.text.*)
 *(.rel.gnu.linkonce.t*)

.rela.text
 *(.rela.text)
 *(.rela.text.*)
 *(.rela.gnu.linkonce.t*)

.rel.fini
 *(.rel.fini)

.rela.fini
 *(.rela.fini)

.rel.rodata
 *(.rel.rodata)
 *(.rel.rodata.*)
 *(.rel.gnu.linkonce.r*)

.rela.rodata
 *(.rela.rodata)
 *(.rela.rodata.*)
 *(.rela.gnu.linkonce.r*)

.rel.data
 *(.rel.data)
 *(.rel.data.*)
 *(.rel.gnu.linkonce.d*)

.rela.data
 *(.rela.data)
 *(.rela.data.*)
 *(.rela.gnu.linkonce.d*)

.rel.ctors
 *(.rel.ctors)

.rela.ctors
 *(.rela.ctors)

.rel.dtors
 *(.rel.dtors)

.rela.dtors
 *(.rela.dtors)

.rel.got
 *(.rel.got)

.rela.got
 *(.rela.got)

.rel.bss
 *(.rel.bss)

.rela.bss
 *(.rela.bss)

.rel.plt
 *(.rel.plt)

.rela.plt
 *(.rela.plt)

.text           0x00000000     0x18bc
 *(.vectors)
 .vectors       0x00000000      0x1e8 /usr/lib/gcc/avr/4.8.2/../../../avr/lib/avrxmega4/crtx64a3.o
                0x00000000                __vectors
 *(.vectors)
 *(.progmem.gcc*)
 *(.progmem*)
                0x000001e8                . = ALIGN (0x2)
                0x000001e8                __trampolines_start = .
 *(.trampolines)
 .trampolines   0x000001e8        0x0 linker stubs
 *(.trampolines*)
                0x000001e8                __trampolines_end = .
 *(.jumptables)
 *(.jumptables*)
 *(.lowtext)
 *(.lowtext*)
                0x000001e8                __ctors_start = .
 *(.ctors)
                0x000001e8                __ctors_end = .
                0x000001e8                __dtors_start = .
 *(.dtors)
                0x000001e8                __dtors_end = .
 SORT(*)(.ctors)
 SORT(*)(.dtors)
 *(.init0)
 .init0         0x000001e8        0x0 /usr/lib/gcc/avr/4.8.2/../../../avr/lib/avrxmega4/crtx64a3.o
                0x000001e8                __init
 *(.init0)
 *(.init1)
 *(.init1)
 *(.init2)
 .init2         0x000001e8        0xc /usr/lib/gcc/avr/4.8.2/../../../avr/lib/avrxmega4/crtx64a3.o
 *(.init2)
 *(.init3)
 *(.init3)
 *(.init4)
 .init4         0x000001f4       0x1a /usr/lib/gcc/avr/4.8.2/avrxmega4/libgcc.a(_copy_data.o)
                0x000001f4                __do_copy_data
 .init4         0x0000020e       0x10 /usr/lib/gcc/avr/4.8.2/avrxmega4/libgcc.a(_clear_bss.o)
                0x0000020e                __do_clear_bss
 *(.init4)
 *(.init5)
 *(.init5)
 *(.init6)
 *(.init6)
 *(.init7)
 *(.init7)
 *(.init8)
 *(.init8)
 *(.init9)
 .init9         0x0000021e        0x8 /usr/lib/gcc/avr/4.8.2/../../../avr/lib/avrxmega4/crtx64a3.o
 *(.init9)
 *(.text)
 .text          0x00000226        0x4 /usr/lib/gcc/avr/4.8.2/../../../avr/lib/avrxmega4/crtx64a3.o
                0x00000226                __vector_38
                0x00000226                __vector_104
                0x00000226                __vector_22
                0x00000226                __vector_63
                0x00000226                __vector_28
                0x00000226                __vector_67
                0x00000226                __vector_1
                0x00000226                __vector_32
                0x00000226                __vector_75
                0x00000226                __vector_71
                0x00000226                __vector_91
                0x00000226                __vector_34
                0x00000226                __vector_62
                0x00000226                __vector_77
                0x00000226                __vector_102
                0x00000226                __vector_24
                0x00000226                __vector_12
                0x00000226                __vector_55
                0x00000226                __vector_69
                0x00000226                __vector_81
                0x00000226                __vector_90
                0x00000226                __vector_46
                0x00000226                __bad_interrupt
                0x00000226                __vector_72
                0x00000226                __vector_114
                0x00000226                __vector_6
                0x00000226                __vector_110
                0x00000226                __vector_31
                0x00000226                __vector_92
                0x00000226                __vector_35
                0x00000226                __vector_78
                0x00000226                __vector_74
                0x00000226                __vector_117
                0x00000226                __vector_39
                0x00000226                __vector_107
                0x00000226                __vector_3
                0x00000226                __vector_105
                0x00000226                __vector_98
                0x00000226                __vector_23
                0x00000226                __vector_68
                0x00000226                __vector_30
                0x00000226                __vector_73
                0x00000226                __vector_45
                0x00000226                __vector_25
                0x00000226                __vector_93
                0x00000226                __vector_61
                0x00000226                __vector_11
                0x00000226                __vector_54
                0x00000226                __vector_99
                0x00000226                __vector_13
                0x00000226                __vector_17
                0x00000226                __vector_19
                0x00000226                __vector_56
                0x00000226                __vector_7
                0x00000226                __vector_49
                0x00000226                __vector_41
                0x00000226                __vector_86
                0x00000226                __vector_100
                0x00000226                __vector_101
                0x00000226                __vector_88
                0x00000226                __vector_109
                0x00000226                __vector_43
                0x00000226                __vector_27
                0x00000226                __vector_5
                0x00000226                __vector_113
                0x00000226                __vector_33
                0x00000226                __vector_76
                0x00000226                __vector_115
                0x00000226                __vector_52
                0x00000226                __vector_37
                0x00000226                __vector_95
                0x00000226                __vector_103
                0x00000226                __vector_96
                0x00000226                __vector_89
                0x00000226                __vector_108
                0x00000226                __vector_4
                0x00000226                __vector_44
                0x00000226                __vector_82
                0x00000226                __vector_106
                0x00000226                __vector_118
                0x00000226                __vector_51
                0x00000226                __vector_9
                0x00000226                __vector_2
                0x00000226                __vector_21
                0x00000226                __vector_15
                0x00000226                __vector_66
                0x00000226                __vector_36
                0x00000226                __vector_79
                0x00000226                __vector_58
                0x00000226                __vector_70
                0x00000226                __vector_83
                0x00000226                __vector_29
                0x00000226                __vector_60
                0x00000226                __vector_121
                0x00000226                __vector_40
                0x00000226                __vector_85
                0x00000226                __vector_94
                0x00000226                __vector_8
                0x00000226                __vector_26
                0x00000226                __vector_48
                0x00000226                __vector_116
                0x00000226                __vector_112
                0x00000226                __vector_111
                0x00000226                __vector_80
                0x00000226                __vector_14
                0x00000226                __vector_84
                0x00000226                __vector_57
                0x00000226                __vector_53
                0x00000226                __vector_10
                0x00000226                __vector_50
                0x00000226                __vector_16
                0x00000226                __vector_59
                0x00000226                __vector_18
                0x00000226                __vector_97
                0x00000226                __vector_20
                0x00000226                __vector_42
                0x00000226                __vector_87
                0x00000226                __vector_65
                0x00000226                __vector_120
 .text          0x0000022a      0x85e vec9_io.o
                0x00000240                UartPutChar
                0x00000834                SetState
                0x00000842                __vector_default
                0x0000085a                __vector_47
                0x00000888                __vector_119
                0x000008f2                GetByteFromRxFifo
                0x00000a74                __vector_64
 .text          0x00000a88        0x0 globals.o
 .text          0x00000a88       0x8c uart.o
                0x00000a88                UartTxBufferReady
                0x00000a96                UartSendByte
                0x00000aa4                UartGetByte
                0x00000aaa                UartGotByte
                0x00000ab8                UartWaitForByte
                0x00000ac2                UartFlushBuffer
                0x00000ad2                UnInitUart
                0x00000ada                InitUart
 .text          0x00000b14       0x94 spi.o
                0x00000b14                SpiTransferComplete
                0x00000b22                TransferSpiByte
                0x00000b34                DoBusyWait
                0x00000b74                InitSpi
 .text          0x00000ba8       0x96 softclock.o
                0x00000ba8                ResetTimer
                0x00000bc8                SetTimer
                0x00000bf2                CheckTimer
                0x00000c2c                ExpireTimer
 .text          0x00000c3e        0x0 /usr/lib/gcc/avr/4.8.2/avrxmega4/libgcc.a(_exit.o)
 .text          0x00000c3e        0x0 /usr/lib/gcc/avr/4.8.2/avrxmega4/libgcc.a(_copy_data.o)
 .text          0x00000c3e        0x0 /usr/lib/gcc/avr/4.8.2/avrxmega4/libgcc.a(_clear_bss.o)
 .text          0x00000c3e        0x0 /usr/lib/gcc/avr/4.8.2/../../../avr/lib/avrxmega4/libc.a(fdevopen.o)
 .text          0x00000c3e        0x0 /usr/lib/gcc/avr/4.8.2/../../../avr/lib/avrxmega4/libc.a(iob.o)
 .text          0x00000c3e        0x0 /usr/lib/gcc/avr/4.8.2/../../../avr/lib/avrxmega4/libc.a(printf.o)
 .text          0x00000c3e        0x0 /usr/lib/gcc/avr/4.8.2/../../../avr/lib/avrxmega4/libc.a(vfprintf_std.o)
 .text          0x00000c3e        0x0 /usr/lib/gcc/avr/4.8.2/../../../avr/lib/avrxmega4/libc.a(calloc.o)
 .text          0x00000c3e        0x0 /usr/lib/gcc/avr/4.8.2/../../../avr/lib/avrxmega4/libc.a(malloc.o)
 .text          0x00000c3e        0x0 /usr/lib/gcc/avr/4.8.2/../../../avr/lib/avrxmega4/libc.a(strnlen_P.o)
 .text          0x00000c3e        0x0 /usr/lib/gcc/avr/4.8.2/../../../avr/lib/avrxmega4/libc.a(memset.o)
 .text          0x00000c3e        0x0 /usr/lib/gcc/avr/4.8.2/../../../avr/lib/avrxmega4/libc.a(strnlen.o)
 .text          0x00000c3e        0x0 /usr/lib/gcc/avr/4.8.2/../../../avr/lib/avrxmega4/libc.a(fputc.o)
 .text          0x00000c3e        0x0 /usr/lib/gcc/avr/4.8.2/../../../avr/lib/avrxmega4/libc.a(ultoa_invert.o)
                0x00000c3e                . = ALIGN (0x2)
 *(.text.*)
 .text.startup  0x00000c3e      0x3f6 vec9_io.o
                0x00000c3e                main
 .text.libgcc.mul
                0x00001034        0x0 /usr/lib/gcc/avr/4.8.2/avrxmega4/libgcc.a(_exit.o)
 .text.libgcc.div
                0x00001034        0x0 /usr/lib/gcc/avr/4.8.2/avrxmega4/libgcc.a(_exit.o)
 .text.libgcc   0x00001034        0x0 /usr/lib/gcc/avr/4.8.2/avrxmega4/libgcc.a(_exit.o)
 .text.libgcc.prologue
                0x00001034        0x0 /usr/lib/gcc/avr/4.8.2/avrxmega4/libgcc.a(_exit.o)
 .text.libgcc.builtins
                0x00001034        0x0 /usr/lib/gcc/avr/4.8.2/avrxmega4/libgcc.a(_exit.o)
 .text.libgcc.fmul
                0x00001034        0x0 /usr/lib/gcc/avr/4.8.2/avrxmega4/libgcc.a(_exit.o)
 .text.libgcc.fixed
                0x00001034        0x0 /usr/lib/gcc/avr/4.8.2/avrxmega4/libgcc.a(_exit.o)
 .text.libgcc.mul
                0x00001034        0x0 /usr/lib/gcc/avr/4.8.2/avrxmega4/libgcc.a(_copy_data.o)
 .text.libgcc.div
                0x00001034        0x0 /usr/lib/gcc/avr/4.8.2/avrxmega4/libgcc.a(_copy_data.o)
 .text.libgcc   0x00001034        0x0 /usr/lib/gcc/avr/4.8.2/avrxmega4/libgcc.a(_copy_data.o)
 .text.libgcc.prologue
                0x00001034        0x0 /usr/lib/gcc/avr/4.8.2/avrxmega4/libgcc.a(_copy_data.o)
 .text.libgcc.builtins
                0x00001034        0x0 /usr/lib/gcc/avr/4.8.2/avrxmega4/libgcc.a(_copy_data.o)
 .text.libgcc.fmul
                0x00001034        0x0 /usr/lib/gcc/avr/4.8.2/avrxmega4/libgcc.a(_copy_data.o)
 .text.libgcc.fixed
                0x00001034        0x0 /usr/lib/gcc/avr/4.8.2/avrxmega4/libgcc.a(_copy_data.o)
 .text.libgcc.mul
                0x00001034        0x0 /usr/lib/gcc/avr/4.8.2/avrxmega4/libgcc.a(_clear_bss.o)
 .text.libgcc.div
                0x00001034        0x0 /usr/lib/gcc/avr/4.8.2/avrxmega4/libgcc.a(_clear_bss.o)
 .text.libgcc   0x00001034        0x0 /usr/lib/gcc/avr/4.8.2/avrxmega4/libgcc.a(_clear_bss.o)
 .text.libgcc.prologue
                0x00001034        0x0 /usr/lib/gcc/avr/4.8.2/avrxmega4/libgcc.a(_clear_bss.o)
 .text.libgcc.builtins
                0x00001034        0x0 /usr/lib/gcc/avr/4.8.2/avrxmega4/libgcc.a(_clear_bss.o)
 .text.libgcc.fmul
                0x00001034        0x0 /usr/lib/gcc/avr/4.8.2/avrxmega4/libgcc.a(_clear_bss.o)
 .text.libgcc.fixed
                0x00001034        0x0 /usr/lib/gcc/avr/4.8.2/avrxmega4/libgcc.a(_clear_bss.o)
 .text.avr-libc
                0x00001034       0x96 /usr/lib/gcc/avr/4.8.2/../../../avr/lib/avrxmega4/libc.a(fdevopen.o)
                0x00001034                fdevopen
 .text.avr-libc
                0x000010ca       0x24 /usr/lib/gcc/avr/4.8.2/../../../avr/lib/avrxmega4/libc.a(printf.o)
                0x000010ca                printf
 .text.avr-libc
                0x000010ee      0x3ea /usr/lib/gcc/avr/4.8.2/../../../avr/lib/avrxmega4/libc.a(vfprintf_std.o)
                0x000010ee                vfprintf
 .text.avr-libc
                0x000014d8       0x38 /usr/lib/gcc/avr/4.8.2/../../../avr/lib/avrxmega4/libc.a(calloc.o)
                0x000014d8                calloc
 .text.avr-libc
                0x00001510      0x24e /usr/lib/gcc/avr/4.8.2/../../../avr/lib/avrxmega4/libc.a(malloc.o)
                0x00001510                malloc
                0x00001640                free
 .text.avr-libc
                0x0000175e       0x16 /usr/lib/gcc/avr/4.8.2/../../../avr/lib/avrxmega4/libc.a(strnlen_P.o)
                0x0000175e                strnlen_P
 .text.avr-libc
                0x00001774        0xe /usr/lib/gcc/avr/4.8.2/../../../avr/lib/avrxmega4/libc.a(memset.o)
                0x00001774                memset
 .text.avr-libc
                0x00001782       0x16 /usr/lib/gcc/avr/4.8.2/../../../avr/lib/avrxmega4/libc.a(strnlen.o)
                0x00001782                strnlen
 .text.avr-libc
                0x00001798       0x64 /usr/lib/gcc/avr/4.8.2/../../../avr/lib/avrxmega4/libc.a(fputc.o)
                0x00001798                fputc
 .text.avr-libc
                0x000017fc       0xbc /usr/lib/gcc/avr/4.8.2/../../../avr/lib/avrxmega4/libc.a(ultoa_invert.o)
                0x000017fc                __ultoa_invert
                0x000018b8                . = ALIGN (0x2)
 *(.fini9)
 .fini9         0x000018b8        0x0 /usr/lib/gcc/avr/4.8.2/avrxmega4/libgcc.a(_exit.o)
                0x000018b8                exit
                0x000018b8                _exit
 *(.fini9)
 *(.fini8)
 *(.fini8)
 *(.fini7)
 *(.fini7)
 *(.fini6)
 *(.fini6)
 *(.fini5)
 *(.fini5)
 *(.fini4)
 *(.fini4)
 *(.fini3)
 *(.fini3)
 *(.fini2)
 *(.fini2)
 *(.fini1)
 *(.fini1)
 *(.fini0)
 .fini0         0x000018b8        0x4 /usr/lib/gcc/avr/4.8.2/avrxmega4/libgcc.a(_exit.o)
 *(.fini0)
                0x000018bc                _etext = .

.data           0x00802000       0x20 load address 0x000018bc
                0x00802000                PROVIDE (__data_start, .)
 *(.data)
 .data          0x00802000        0x0 /usr/lib/gcc/avr/4.8.2/../../../avr/lib/avrxmega4/crtx64a3.o
 .data          0x00802000        0x1 vec9_io.o
 .data          0x00802001        0x0 globals.o
 .data          0x00802001        0x0 uart.o
 .data          0x00802001        0x0 spi.o
 .data          0x00802001        0x0 softclock.o
 .data          0x00802001        0x0 /usr/lib/gcc/avr/4.8.2/avrxmega4/libgcc.a(_exit.o)
 .data          0x00802001        0x0 /usr/lib/gcc/avr/4.8.2/avrxmega4/libgcc.a(_copy_data.o)
 .data          0x00802001        0x0 /usr/lib/gcc/avr/4.8.2/avrxmega4/libgcc.a(_clear_bss.o)
 .data          0x00802001        0x0 /usr/lib/gcc/avr/4.8.2/../../../avr/lib/avrxmega4/libc.a(fdevopen.o)
 .data          0x00802001        0x0 /usr/lib/gcc/avr/4.8.2/../../../avr/lib/avrxmega4/libc.a(iob.o)
 .data          0x00802001        0x0 /usr/lib/gcc/avr/4.8.2/../../../avr/lib/avrxmega4/libc.a(printf.o)
 .data          0x00802001        0x0 /usr/lib/gcc/avr/4.8.2/../../../avr/lib/avrxmega4/libc.a(vfprintf_std.o)
 .data          0x00802001        0x0 /usr/lib/gcc/avr/4.8.2/../../../avr/lib/avrxmega4/libc.a(calloc.o)
 .data          0x00802001        0x6 /usr/lib/gcc/avr/4.8.2/../../../avr/lib/avrxmega4/libc.a(malloc.o)
                0x00802001                __malloc_heap_end
                0x00802003                __malloc_heap_start
                0x00802005                __malloc_margin
 .data          0x00802007        0x0 /usr/lib/gcc/avr/4.8.2/../../../avr/lib/avrxmega4/libc.a(strnlen_P.o)
 .data          0x00802007        0x0 /usr/lib/gcc/avr/4.8.2/../../../avr/lib/avrxmega4/libc.a(memset.o)
 .data          0x00802007        0x0 /usr/lib/gcc/avr/4.8.2/../../../avr/lib/avrxmega4/libc.a(strnlen.o)
 .data          0x00802007        0x0 /usr/lib/gcc/avr/4.8.2/../../../avr/lib/avrxmega4/libc.a(fputc.o)
 .data          0x00802007        0x0 /usr/lib/gcc/avr/4.8.2/../../../avr/lib/avrxmega4/libc.a(ultoa_invert.o)
 *(.data*)
 *(.rodata)
 *(.rodata*)
 .rodata.str1.1
                0x00802007       0x19 vec9_io.o
 *(.gnu.linkonce.d*)
                0x00802020                . = ALIGN (0x2)
                0x00802020                _edata = .
                0x00802020                PROVIDE (__data_end, .)

.bss            0x00802020       0x98
                0x00802020                PROVIDE (__bss_start, .)
 *(.bss)
 .bss           0x00802020        0x0 /usr/lib/gcc/avr/4.8.2/../../../avr/lib/avrxmega4/crtx64a3.o
 .bss           0x00802020       0x75 vec9_io.o
 .bss           0x00802095        0x0 globals.o
 .bss           0x00802095        0x0 uart.o
 .bss           0x00802095        0x0 spi.o
 .bss           0x00802095       0x14 softclock.o
 .bss           0x008020a9        0x0 /usr/lib/gcc/avr/4.8.2/avrxmega4/libgcc.a(_exit.o)
 .bss           0x008020a9        0x0 /usr/lib/gcc/avr/4.8.2/avrxmega4/libgcc.a(_copy_data.o)
 .bss           0x008020a9        0x0 /usr/lib/gcc/avr/4.8.2/avrxmega4/libgcc.a(_clear_bss.o)
 .bss           0x008020a9        0x0 /usr/lib/gcc/avr/4.8.2/../../../avr/lib/avrxmega4/libc.a(fdevopen.o)
 .bss           0x008020a9        0x0 /usr/lib/gcc/avr/4.8.2/../../../avr/lib/avrxmega4/libc.a(iob.o)
 .bss           0x008020a9        0x0 /usr/lib/gcc/avr/4.8.2/../../../avr/lib/avrxmega4/libc.a(printf.o)
 .bss           0x008020a9        0x0 /usr/lib/gcc/avr/4.8.2/../../../avr/lib/avrxmega4/libc.a(vfprintf_std.o)
 .bss           0x008020a9        0x0 /usr/lib/gcc/avr/4.8.2/../../../avr/lib/avrxmega4/libc.a(calloc.o)
 .bss           0x008020a9        0x0 /usr/lib/gcc/avr/4.8.2/../../../avr/lib/avrxmega4/libc.a(malloc.o)
 .bss           0x008020a9        0x0 /usr/lib/gcc/avr/4.8.2/../../../avr/lib/avrxmega4/libc.a(strnlen_P.o)
 .bss           0x008020a9        0x0 /usr/lib/gcc/avr/4.8.2/../../../avr/lib/avrxmega4/libc.a(memset.o)
 .bss           0x008020a9        0x0 /usr/lib/gcc/avr/4.8.2/../../../avr/lib/avrxmega4/libc.a(strnlen.o)
 .bss           0x008020a9        0x0 /usr/lib/gcc/avr/4.8.2/../../../avr/lib/avrxmega4/libc.a(fputc.o)
 .bss           0x008020a9        0x0 /usr/lib/gcc/avr/4.8.2/../../../avr/lib/avrxmega4/libc.a(ultoa_invert.o)
 *(.bss*)
 *(COMMON)
 COMMON         0x008020a9        0x5 globals.o
                0x008020a9                subState
                0x008020aa                State
                0x008020ac                systemTicks
 COMMON         0x008020ae        0x6 /usr/lib/gcc/avr/4.8.2/../../../avr/lib/avrxmega4/libc.a(iob.o)
                0x008020ae                __iob
 COMMON         0x008020b4        0x4 /usr/lib/gcc/avr/4.8.2/../../../avr/lib/avrxmega4/libc.a(malloc.o)
                0x008020b4                __brkval
                0x008020b6                __flp
                0x008020b8                PROVIDE (__bss_end, .)
                0x000018bc                __data_load_start = LOADADDR (.data)
                0x000018dc                __data_load_end = (__data_load_start + SIZEOF (.data))

.noinit         0x008020b8        0x0
                0x008020b8                PROVIDE (__noinit_start, .)
 *(.noinit*)
                0x008020b8                PROVIDE (__noinit_end, .)
                0x008020b8                _end = .
                0x008020b8                PROVIDE (__heap_start, .)

.eeprom         0x00810000        0x0
 *(.eeprom*)
                0x00810000                __eeprom_end = .

.fuse
 *(.fuse)
 *(.lfuse)
 *(.hfuse)
 *(.efuse)

.lock
 *(.lock*)

.signature
 *(.signature*)

.user_signatures
 *(.user_signatures*)

.stab           0x00000000     0x31bc
 *(.stab)
 .stab          0x00000000      0x6cc /usr/lib/gcc/avr/4.8.2/../../../avr/lib/avrxmega4/crtx64a3.o
 .stab          0x000006cc      0x624 /usr/lib/gcc/avr/4.8.2/../../../avr/lib/avrxmega4/libc.a(fdevopen.o)
                                0x630 (size before relaxing)
 .stab          0x00000cf0      0x2ac /usr/lib/gcc/avr/4.8.2/../../../avr/lib/avrxmega4/libc.a(iob.o)
                                0x48c (size before relaxing)
 .stab          0x00000f9c      0x30c /usr/lib/gcc/avr/4.8.2/../../../avr/lib/avrxmega4/libc.a(printf.o)
                                0x4ec (size before relaxing)
 .stab          0x000012a8      0xb58 /usr/lib/gcc/avr/4.8.2/../../../avr/lib/avrxmega4/libc.a(vfprintf_std.o)
                                0xd80 (size before relaxing)
 .stab          0x00001e00      0x33c /usr/lib/gcc/avr/4.8.2/../../../avr/lib/avrxmega4/libc.a(calloc.o)
                                0x378 (size before relaxing)
 .stab          0x0000213c      0x708 /usr/lib/gcc/avr/4.8.2/../../../avr/lib/avrxmega4/libc.a(malloc.o)
                                0x8e8 (size before relaxing)
 .stab          0x00002844       0x9c /usr/lib/gcc/avr/4.8.2/../../../avr/lib/avrxmega4/libc.a(strnlen_P.o)
                                 0xa8 (size before relaxing)
 .stab          0x000028e0       0x6c /usr/lib/gcc/avr/4.8.2/../../../avr/lib/avrxmega4/libc.a(memset.o)
                                 0x78 (size before relaxing)
 .stab          0x0000294c       0x9c /usr/lib/gcc/avr/4.8.2/../../../avr/lib/avrxmega4/libc.a(strnlen.o)
                                 0xa8 (size before relaxing)
 .stab          0x000029e8      0x354 /usr/lib/gcc/avr/4.8.2/../../../avr/lib/avrxmega4/libc.a(fputc.o)
                                0x534 (size before relaxing)
 .stab          0x00002d3c      0x480 /usr/lib/gcc/avr/4.8.2/../../../avr/lib/avrxmega4/libc.a(ultoa_invert.o)
                                0x48c (size before relaxing)

.stabstr        0x00000000     0x1260
 *(.stabstr)
 .stabstr       0x00000000     0x1260 /usr/lib/gcc/avr/4.8.2/../../../avr/lib/avrxmega4/crtx64a3.o

.stab.excl
 *(.stab.excl)

.stab.exclstr
 *(.stab.exclstr)

.stab.index
 *(.stab.index)

.stab.indexstr
 *(.stab.indexstr)

.comment        0x00000000       0x11
 *(.comment)
 .comment       0x00000000       0x11 vec9_io.o
                                 0x12 (size before relaxing)
 .comment       0x00000000       0x12 globals.o
 .comment       0x00000000       0x12 uart.o
 .comment       0x00000000       0x12 spi.o
 .comment       0x00000000       0x12 softclock.o
 .comment       0x00000000       0x12 /usr/lib/gcc/avr/4.8.2/../../../avr/lib/avrxmega4/libc.a(fdevopen.o)
 .comment       0x00000000       0x12 /usr/lib/gcc/avr/4.8.2/../../../avr/lib/avrxmega4/libc.a(iob.o)
 .comment       0x00000000       0x12 /usr/lib/gcc/avr/4.8.2/../../../avr/lib/avrxmega4/libc.a(printf.o)
 .comment       0x00000000       0x12 /usr/lib/gcc/avr/4.8.2/../../../avr/lib/avrxmega4/libc.a(vfprintf_std.o)
 .comment       0x00000000       0x12 /usr/lib/gcc/avr/4.8.2/../../../avr/lib/avrxmega4/libc.a(calloc.o)
 .comment       0x00000000       0x12 /usr/lib/gcc/avr/4.8.2/../../../avr/lib/avrxmega4/libc.a(malloc.o)
 .comment       0x00000000       0x12 /usr/lib/gcc/avr/4.8.2/../../../avr/lib/avrxmega4/libc.a(fputc.o)

.debug
 *(.debug)

.line
 *(.line)

.debug_srcinfo
 *(.debug_srcinfo)

.debug_sfnames
 *(.debug_sfnames)

.debug_aranges  0x00000000       0xa0
 *(.debug_aranges)
 .debug_aranges
                0x00000000       0x28 vec9_io.o
 .debug_aranges
                0x00000028       0x18 globals.o
 .debug_aranges
                0x00000040       0x20 uart.o
 .debug_aranges
                0x00000060       0x20 spi.o
 .debug_aranges
                0x00000080       0x20 softclock.o

.debug_pubnames
 *(.debug_pubnames)

.debug_info     0x00000000     0x2b3c
 *(.debug_info)
 .debug_info    0x00000000     0x2066 vec9_io.o
 .debug_info    0x00002066       0xb2 globals.o
 .debug_info    0x00002118      0x455 uart.o
 .debug_info    0x0000256d      0x3fa spi.o
 .debug_info    0x00002967      0x1d5 softclock.o
 *(.gnu.linkonce.wi.*)

.debug_abbrev   0x00000000      0x7e8
 *(.debug_abbrev)
 .debug_abbrev  0x00000000      0x422 vec9_io.o
 .debug_abbrev  0x00000422       0x5b globals.o
 .debug_abbrev  0x0000047d      0x16c uart.o
 .debug_abbrev  0x000005e9      0x125 spi.o
 .debug_abbrev  0x0000070e       0xda softclock.o

.debug_line     0x00000000      0x55e
 *(.debug_line)
 .debug_line    0x00000000      0x343 vec9_io.o
 .debug_line    0x00000343       0x34 globals.o
 .debug_line    0x00000377       0xba uart.o
 .debug_line    0x00000431       0xa4 spi.o
 .debug_line    0x000004d5       0x89 softclock.o

.debug_frame    0x00000000      0x2b8
 *(.debug_frame)
 .debug_frame   0x00000000      0x168 vec9_io.o
 .debug_frame   0x00000168       0x94 uart.o
 .debug_frame   0x000001fc       0x68 spi.o
 .debug_frame   0x00000264       0x54 softclock.o

.debug_str      0x00000000     0x15bf
 *(.debug_str)
 .debug_str     0x00000000     0x1399 vec9_io.o
                               0x1401 (size before relaxing)
 .debug_str     0x00001399        0xa globals.o
                                0x144 (size before relaxing)
 .debug_str     0x000013a3       0xc5 uart.o
                                0x379 (size before relaxing)
 .debug_str     0x00001468      0x109 spi.o
                                0x40c (size before relaxing)
 .debug_str     0x00001571       0x4e softclock.o
                                0x1e0 (size before relaxing)

.debug_loc      0x00000000      0x579
 *(.debug_loc)
 .debug_loc     0x00000000      0x47d vec9_io.o
 .debug_loc     0x0000047d       0x8e spi.o
 .debug_loc     0x0000050b       0x6e softclock.o

.debug_macinfo
 *(.debug_macinfo)

.debug_pubtypes
 *(.debug_pubtypes)

.debug_ranges   0x00000000       0x18
 *(.debug_ranges)
 .debug_ranges  0x00000000       0x18 vec9_io.o

.debug_macro
 *(.debug_macro)
OUTPUT(vec9_io.elf elf32-avr)
LOAD linker stubs

Cross Reference Table

Symbol                                            File
CheckTimer                                        softclock.o
                                                  vec9_io.o
DoBusyWait                                        spi.o
ExpireTimer                                       softclock.o
GetByteFromRxFifo                                 vec9_io.o
InitSpi                                           spi.o
InitUart                                          uart.o
                                                  vec9_io.o
ResetTimer                                        softclock.o
SetState                                          vec9_io.o
SetTimer                                          softclock.o
                                                  vec9_io.o
SpiTransferComplete                               spi.o
State                                             globals.o
                                                  vec9_io.o
TransferSpiByte                                   spi.o
UartFlushBuffer                                   uart.o
UartGetByte                                       uart.o
UartGotByte                                       uart.o
UartPutChar                                       vec9_io.o
UartSendByte                                      uart.o
                                                  vec9_io.o
UartTxBufferReady                                 uart.o
                                                  vec9_io.o
UartWaitForByte                                   uart.o
UnInitUart                                        uart.o
__bad_interrupt                                   /usr/lib/gcc/avr/4.8.2/../../../avr/lib/avrxmega4/crtx64a3.o
__brkval                                          /usr/lib/gcc/avr/4.8.2/../../../avr/lib/avrxmega4/libc.a(malloc.o)
__bss_end                                         /usr/lib/gcc/avr/4.8.2/avrxmega4/libgcc.a(_clear_bss.o)
__bss_start                                       /usr/lib/gcc/avr/4.8.2/avrxmega4/libgcc.a(_clear_bss.o)
__data_end                                        /usr/lib/gcc/avr/4.8.2/avrxmega4/libgcc.a(_copy_data.o)
__data_load_start                                 /usr/lib/gcc/avr/4.8.2/avrxmega4/libgcc.a(_copy_data.o)
__data_start                                      /usr/lib/gcc/avr/4.8.2/avrxmega4/libgcc.a(_copy_data.o)
__do_clear_bss                                    /usr/lib/gcc/avr/4.8.2/avrxmega4/libgcc.a(_clear_bss.o)
                                                  /usr/lib/gcc/avr/4.8.2/../../../avr/lib/avrxmega4/libc.a(malloc.o)
                                                  /usr/lib/gcc/avr/4.8.2/../../../avr/lib/avrxmega4/libc.a(iob.o)
                                                  softclock.o
                                                  globals.o
                                                  vec9_io.o
__do_copy_data                                    /usr/lib/gcc/avr/4.8.2/avrxmega4/libgcc.a(_copy_data.o)
                                                  /usr/lib/gcc/avr/4.8.2/../../../avr/lib/avrxmega4/libc.a(malloc.o)
                                                  vec9_io.o
__flp                                             /usr/lib/gcc/avr/4.8.2/../../../avr/lib/avrxmega4/libc.a(malloc.o)
__heap_end                                        /usr/lib/gcc/avr/4.8.2/../../../avr/lib/avrxmega4/crtx64a3.o
                                                  /usr/lib/gcc/avr/4.8.2/../../../avr/lib/avrxmega4/libc.a(malloc.o)
__heap_start                                      /usr/lib/gcc/avr/4.8.2/../../../avr/lib/avrxmega4/libc.a(malloc.o)
__init                                            /usr/lib/gcc/avr/4.8.2/../../../avr/lib/avrxmega4/crtx64a3.o
__iob                                             /usr/lib/gcc/avr/4.8.2/../../../avr/lib/avrxmega4/libc.a(printf.o)
                                                  /usr/lib/gcc/avr/4.8.2/../../../avr/lib/avrxmega4/libc.a(iob.o)
                                                  /usr/lib/gcc/avr/4.8.2/../../../avr/lib/avrxmega4/libc.a(fdevopen.o)
__malloc_heap_end                                 /usr/lib/gcc/avr/4.8.2/../../../avr/lib/avrxmega4/libc.a(malloc.o)
__malloc_heap_start                               /usr/lib/gcc/avr/4.8.2/../../../avr/lib/avrxmega4/libc.a(malloc.o)
__malloc_margin                                   /usr/lib/gcc/avr/4.8.2/../../../avr/lib/avrxmega4/libc.a(malloc.o)
__stack                                           /usr/lib/gcc/avr/4.8.2/../../../avr/lib/avrxmega4/crtx64a3.o
__ultoa_invert                                    /usr/lib/gcc/avr/4.8.2/../../../avr/lib/avrxmega4/libc.a(ultoa_invert.o)
                                                  /usr/lib/gcc/avr/4.8.2/../../../avr/lib/avrxmega4/libc.a(vfprintf_std.o)
__vector_1                                        /usr/lib/gcc/avr/4.8.2/../../../avr/lib/avrxmega4/crtx64a3.o
__vector_10                                       /usr/lib/gcc/avr/4.8.2/../../../avr/lib/avrxmega4/crtx64a3.o
__vector_100                                      /usr/lib/gcc/avr/4.8.2/../../../avr/lib/avrxmega4/crtx64a3.o
__vector_101                                      /usr/lib/gcc/avr/4.8.2/../../../avr/lib/avrxmega4/crtx64a3.o
__vector_102                                      /usr/lib/gcc/avr/4.8.2/../../../avr/lib/avrxmega4/crtx64a3.o
__vector_103                                      /usr/lib/gcc/avr/4.8.2/../../../avr/lib/avrxmega4/crtx64a3.o
__vector_104                                      /usr/lib/gcc/avr/4.8.2/../../../avr/lib/avrxmega4/crtx64a3.o
__vector_105                                      /usr/lib/gcc/avr/4.8.2/../../../avr/lib/avrxmega4/crtx64a3.o
__vector_106                                      /usr/lib/gcc/avr/4.8.2/../../../avr/lib/avrxmega4/crtx64a3.o
__vector_107                                      /usr/lib/gcc/avr/4.8.2/../../../avr/lib/avrxmega4/crtx64a3.o
__vector_108                                      /usr/lib/gcc/avr/4.8.2/../../../avr/lib/avrxmega4/crtx64a3.o
__vector_109                                      /usr/lib/gcc/avr/4.8.2/../../../avr/lib/avrxmega4/crtx64a3.o
__vector_11                                       /usr/lib/gcc/avr/4.8.2/../../../avr/lib/avrxmega4/crtx64a3.o
__vector_110                                      /usr/lib/gcc/avr/4.8.2/../../../avr/lib/avrxmega4/crtx64a3.o
__vector_111                                      /usr/lib/gcc/avr/4.8.2/../../../avr/lib/avrxmega4/crtx64a3.o
__vector_112                                      /usr/lib/gcc/avr/4.8.2/../../../avr/lib/avrxmega4/crtx64a3.o
__vector_113                                      /usr/lib/gcc/avr/4.8.2/../../../avr/lib/avrxmega4/crtx64a3.o
__vector_114                                      /usr/lib/gcc/avr/4.8.2/../../../avr/lib/avrxmega4/crtx64a3.o
__vector_115                                      /usr/lib/gcc/avr/4.8.2/../../../avr/lib/avrxmega4/crtx64a3.o
__vector_116                                      /usr/lib/gcc/avr/4.8.2/../../../avr/lib/avrxmega4/crtx64a3.o
__vector_117                                      /usr/lib/gcc/avr/4.8.2/../../../avr/lib/avrxmega4/crtx64a3.o
__vector_118                                      /usr/lib/gcc/avr/4.8.2/../../../avr/lib/avrxmega4/crtx64a3.o
__vector_119                                      vec9_io.o
                                                  /usr/lib/gcc/avr/4.8.2/../../../avr/lib/avrxmega4/crtx64a3.o
__vector_12                                       /usr/lib/gcc/avr/4.8.2/../../../avr/lib/avrxmega4/crtx64a3.o
__vector_120                                      /usr/lib/gcc/avr/4.8.2/../../../avr/lib/avrxmega4/crtx64a3.o
__vector_121                                      /usr/lib/gcc/avr/4.8.2/../../../avr/lib/avrxmega4/crtx64a3.o
__vector_13                                       /usr/lib/gcc/avr/4.8.2/../../../avr/lib/avrxmega4/crtx64a3.o
__vector_14                                       /usr/lib/gcc/avr/4.8.2/../../../avr/lib/avrxmega4/crtx64a3.o
__vector_15                                       /usr/lib/gcc/avr/4.8.2/../../../avr/lib/avrxmega4/crtx64a3.o
__vector_16                                       /usr/lib/gcc/avr/4.8.2/../../../avr/lib/avrxmega4/crtx64a3.o
__vector_17                                       /usr/lib/gcc/avr/4.8.2/../../../avr/lib/avrxmega4/crtx64a3.o
__vector_18                                       /usr/lib/gcc/avr/4.8.2/../../../avr/lib/avrxmega4/crtx64a3.o
__vector_19                                       /usr/lib/gcc/avr/4.8.2/../../../avr/lib/avrxmega4/crtx64a3.o
__vector_2                                        /usr/lib/gcc/avr/4.8.2/../../../avr/lib/avrxmega4/crtx64a3.o
__vector_20                                       /usr/lib/gcc/avr/4.8.2/../../../avr/lib/avrxmega4/crtx64a3.o
__vector_21                                       /usr/lib/gcc/avr/4.8.2/../../../avr/lib/avrxmega4/crtx64a3.o
__vector_22                                       /usr/lib/gcc/avr/4.8.2/../../../avr/lib/avrxmega4/crtx64a3.o
__vector_23                                       /usr/lib/gcc/avr/4.8.2/../../../avr/lib/avrxmega4/crtx64a3.o
__vector_24                                       /usr/lib/gcc/avr/4.8.2/../../../avr/lib/avrxmega4/crtx64a3.o
__vector_25                                       /usr/lib/gcc/avr/4.8.2/../../../avr/lib/avrxmega4/crtx64a3.o
__vector_26                                       /usr/lib/gcc/avr/4.8.2/../../../avr/lib/avrxmega4/crtx64a3.o
__vector_27                                       /usr/lib/gcc/avr/4.8.2/../../../avr/lib/avrxmega4/crtx64a3.o
__vector_28                                       /usr/lib/gcc/avr/4.8.2/../../../avr/lib/avrxmega4/crtx64a3.o
__vector_29                                       /usr/lib/gcc/avr/4.8.2/../../../avr/lib/avrxmega4/crtx64a3.o
__vector_3                                        /usr/lib/gcc/avr/4.8.2/../../../avr/lib/avrxmega4/crtx64a3.o
__vector_30                                       /usr/lib/gcc/avr/4.8.2/../../../avr/lib/avrxmega4/crtx64a3.o
__vector_31                                       /usr/lib/gcc/avr/4.8.2/../../../avr/lib/avrxmega4/crtx64a3.o
__vector_32                                       /usr/lib/gcc/avr/4.8.2/../../../avr/lib/avrxmega4/crtx64a3.o
__vector_33                                       /usr/lib/gcc/avr/4.8.2/../../../avr/lib/avrxmega4/crtx64a3.o
__vector_34                                       /usr/lib/gcc/avr/4.8.2/../../../avr/lib/avrxmega4/crtx64a3.o
__vector_35                                       /usr/lib/gcc/avr/4.8.2/../../../avr/lib/avrxmega4/crtx64a3.o
__vector_36                                       /usr/lib/gcc/avr/4.8.2/../../../avr/lib/avrxmega4/crtx64a3.o
__vector_37                                       /usr/lib/gcc/avr/4.8.2/../../../avr/lib/avrxmega4/crtx64a3.o
__vector_38                                       /usr/lib/gcc/avr/4.8.2/../../../avr/lib/avrxmega4/crtx64a3.o
__vector_39                                       /usr/lib/gcc/avr/4.8.2/../../../avr/lib/avrxmega4/crtx64a3.o
__vector_4                                        /usr/lib/gcc/avr/4.8.2/../../../avr/lib/avrxmega4/crtx64a3.o
__vector_40                                       /usr/lib/gcc/avr/4.8.2/../../../avr/lib/avrxmega4/crtx64a3.o
__vector_41                                       /usr/lib/gcc/avr/4.8.2/../../../avr/lib/avrxmega4/crtx64a3.o
__vector_42                                       /usr/lib/gcc/avr/4.8.2/../../../avr/lib/avrxmega4/crtx64a3.o
__vector_43                                       /usr/lib/gcc/avr/4.8.2/../../../avr/lib/avrxmega4/crtx64a3.o
__vector_44                                       /usr/lib/gcc/avr/4.8.2/../../../avr/lib/avrxmega4/crtx64a3.o
__vector_45                                       /usr/lib/gcc/avr/4.8.2/../../../avr/lib/avrxmega4/crtx64a3.o
__vector_46                                       /usr/lib/gcc/avr/4.8.2/../../../avr/lib/avrxmega4/crtx64a3.o
__vector_47                                       vec9_io.o
                                                  /usr/lib/gcc/avr/4.8.2/../../../avr/lib/avrxmega4/crtx64a3.o
__vector_48                                       /usr/lib/gcc/avr/4.8.2/../../../avr/lib/avrxmega4/crtx64a3.o
__vector_49                                       /usr/lib/gcc/avr/4.8.2/../../../avr/lib/avrxmega4/crtx64a3.o
__vector_5                                        /usr/lib/gcc/avr/4.8.2/../../../avr/lib/avrxmega4/crtx64a3.o
__vector_50                                       /usr/lib/gcc/avr/4.8.2/../../../avr/lib/avrxmega4/crtx64a3.o
__vector_51                                       /usr/lib/gcc/avr/4.8.2/../../../avr/lib/avrxmega4/crtx64a3.o
__vector_52                                       /usr/lib/gcc/avr/4.8.2/../../../avr/lib/avrxmega4/crtx64a3.o
__vector_53                                       /usr/lib/gcc/avr/4.8.2/../../../avr/lib/avrxmega4/crtx64a3.o
__vector_54                                       /usr/lib/gcc/avr/4.8.2/../../../avr/lib/avrxmega4/crtx64a3.o
__vector_55                                       /usr/lib/gcc/avr/4.8.2/../../../avr/lib/avrxmega4/crtx64a3.o
__vector_56                                       /usr/lib/gcc/avr/4.8.2/../../../avr/lib/avrxmega4/crtx64a3.o
__vector_57                                       /usr/lib/gcc/avr/4.8.2/../../../avr/lib/avrxmega4/crtx64a3.o
__vector_58                                       /usr/lib/gcc/avr/4.8.2/../../../avr/lib/avrxmega4/crtx64a3.o
__vector_59                                       /usr/lib/gcc/avr/4.8.2/../../../avr/lib/avrxmega4/crtx64a3.o
__vector_6                                        /usr/lib/gcc/avr/4.8.2/../../../avr/lib/avrxmega4/crtx64a3.o
__vector_60                                       /usr/lib/gcc/avr/4.8.2/../../../avr/lib/avrxmega4/crtx64a3.o
__vector_61                                       /usr/lib/gcc/avr/4.8.2/../../../avr/lib/avrxmega4/crtx64a3.o
__vector_62                                       /usr/lib/gcc/avr/4.8.2/../../../avr/lib/avrxmega4/crtx64a3.o
__vector_63                                       /usr/lib/gcc/avr/4.8.2/../../../avr/lib/avrxmega4/crtx64a3.o
__vector_64                                       vec9_io.o
                                                  /usr/lib/gcc/avr/4.8.2/../../../avr/lib/avrxmega4/crtx64a3.o
__vector_65                                       /usr/lib/gcc/avr/4.8.2/../../../avr/lib/avrxmega4/crtx64a3.o
__vector_66                                       /usr/lib/gcc/avr/4.8.2/../../../avr/lib/avrxmega4/crtx64a3.o
__vector_67                                       /usr/lib/gcc/avr/4.8.2/../../../avr/lib/avrxmega4/crtx64a3.o
__vector_68                                       /usr/lib/gcc/avr/4.8.2/../../../avr/lib/avrxmega4/crtx64a3.o
__vector_69                                       /usr/lib/gcc/avr/4.8.2/../../../avr/lib/avrxmega4/crtx64a3.o
__vector_7                                        /usr/lib/gcc/avr/4.8.2/../../../avr/lib/avrxmega4/crtx64a3.o
__vector_70                                       /usr/lib/gcc/avr/4.8.2/../../../avr/lib/avrxmega4/crtx64a3.o
__vector_71                                       /usr/lib/gcc/avr/4.8.2/../../../avr/lib/avrxmega4/crtx64a3.o
__vector_72                                       /usr/lib/gcc/avr/4.8.2/../../../avr/lib/avrxmega4/crtx64a3.o
__vector_73                                       /usr/lib/gcc/avr/4.8.2/../../../avr/lib/avrxmega4/crtx64a3.o
__vector_74                                       /usr/lib/gcc/avr/4.8.2/../../../avr/lib/avrxmega4/crtx64a3.o
__vector_75                                       /usr/lib/gcc/avr/4.8.2/../../../avr/lib/avrxmega4/crtx64a3.o
__vector_76                                       /usr/lib/gcc/avr/4.8.2/../../../avr/lib/avrxmega4/crtx64a3.o
__vector_77                                       /usr/lib/gcc/avr/4.8.2/../../../avr/lib/avrxmega4/crtx64a3.o
__vector_78                                       /usr/lib/gcc/avr/4.8.2/../../../avr/lib/avrxmega4/crtx64a3.o
__vector_79                                       /usr/lib/gcc/avr/4.8.2/../../../avr/lib/avrxmega4/crtx64a3.o
__vector_8                                        /usr/lib/gcc/avr/4.8.2/../../../avr/lib/avrxmega4/crtx64a3.o
__vector_80                                       /usr/lib/gcc/avr/4.8.2/../../../avr/lib/avrxmega4/crtx64a3.o
__vector_81                                       /usr/lib/gcc/avr/4.8.2/../../../avr/lib/avrxmega4/crtx64a3.o
__vector_82                                       /usr/lib/gcc/avr/4.8.2/../../../avr/lib/avrxmega4/crtx64a3.o
__vector_83                                       /usr/lib/gcc/avr/4.8.2/../../../avr/lib/avrxmega4/crtx64a3.o
__vector_84                                       /usr/lib/gcc/avr/4.8.2/../../../avr/lib/avrxmega4/crtx64a3.o
__vector_85                                       /usr/lib/gcc/avr/4.8.2/../../../avr/lib/avrxmega4/crtx64a3.o
__vector_86                                       /usr/lib/gcc/avr/4.8.2/../../../avr/lib/avrxmega4/crtx64a3.o
__vector_87                                       /usr/lib/gcc/avr/4.8.2/../../../avr/lib/avrxmega4/crtx64a3.o
__vector_88                                       /usr/lib/gcc/avr/4.8.2/../../../avr/lib/avrxmega4/crtx64a3.o
__vector_89                                       /usr/lib/gcc/avr/4.8.2/../../../avr/lib/avrxmega4/crtx64a3.o
__vector_9                                        /usr/lib/gcc/avr/4.8.2/../../../avr/lib/avrxmega4/crtx64a3.o
__vector_90                                       /usr/lib/gcc/avr/4.8.2/../../../avr/lib/avrxmega4/crtx64a3.o
__vector_91                                       /usr/lib/gcc/avr/4.8.2/../../../avr/lib/avrxmega4/crtx64a3.o
__vector_92                                       /usr/lib/gcc/avr/4.8.2/../../../avr/lib/avrxmega4/crtx64a3.o
__vector_93                                       /usr/lib/gcc/avr/4.8.2/../../../avr/lib/avrxmega4/crtx64a3.o
__vector_94                                       /usr/lib/gcc/avr/4.8.2/../../../avr/lib/avrxmega4/crtx64a3.o
__vector_95                                       /usr/lib/gcc/avr/4.8.2/../../../avr/lib/avrxmega4/crtx64a3.o
__vector_96                                       /usr/lib/gcc/avr/4.8.2/../../../avr/lib/avrxmega4/crtx64a3.o
__vector_97                                       /usr/lib/gcc/avr/4.8.2/../../../avr/lib/avrxmega4/crtx64a3.o
__vector_98                                       /usr/lib/gcc/avr/4.8.2/../../../avr/lib/avrxmega4/crtx64a3.o
__vector_99                                       /usr/lib/gcc/avr/4.8.2/../../../avr/lib/avrxmega4/crtx64a3.o
__vector_default                                  vec9_io.o
                                                  /usr/lib/gcc/avr/4.8.2/../../../avr/lib/avrxmega4/crtx64a3.o
__vectors                                         /usr/lib/gcc/avr/4.8.2/../../../avr/lib/avrxmega4/crtx64a3.o
_exit                                             /usr/lib/gcc/avr/4.8.2/avrxmega4/libgcc.a(_exit.o)
calloc                                            /usr/lib/gcc/avr/4.8.2/../../../avr/lib/avrxmega4/libc.a(calloc.o)
                                                  /usr/lib/gcc/avr/4.8.2/../../../avr/lib/avrxmega4/libc.a(fdevopen.o)
exit                                              /usr/lib/gcc/avr/4.8.2/avrxmega4/libgcc.a(_exit.o)
                                                  /usr/lib/gcc/avr/4.8.2/../../../avr/lib/avrxmega4/crtx64a3.o
fdevopen                                          /usr/lib/gcc/avr/4.8.2/../../../avr/lib/avrxmega4/libc.a(fdevopen.o)
                                                  vec9_io.o
fputc                                             /usr/lib/gcc/avr/4.8.2/../../../avr/lib/avrxmega4/libc.a(fputc.o)
                                                  /usr/lib/gcc/avr/4.8.2/../../../avr/lib/avrxmega4/libc.a(vfprintf_std.o)
free                                              /usr/lib/gcc/avr/4.8.2/../../../avr/lib/avrxmega4/libc.a(malloc.o)
main                                              vec9_io.o
                                                  /usr/lib/gcc/avr/4.8.2/../../../avr/lib/avrxmega4/crtx64a3.o
malloc                                            /usr/lib/gcc/avr/4.8.2/../../../avr/lib/avrxmega4/libc.a(malloc.o)
                                                  /usr/lib/gcc/avr/4.8.2/../../../avr/lib/avrxmega4/libc.a(calloc.o)
memset                                            /usr/lib/gcc/avr/4.8.2/../../../avr/lib/avrxmega4/libc.a(memset.o)
                                                  /usr/lib/gcc/avr/4.8.2/../../../avr/lib/avrxmega4/libc.a(calloc.o)
printf                                            /usr/lib/gcc/avr/4.8.2/../../../avr/lib/avrxmega4/libc.a(printf.o)
                                                  vec9_io.o
strnlen                                           /usr/lib/gcc/avr/4.8.2/../../../avr/lib/avrxmega4/libc.a(strnlen.o)
                                                  /usr/lib/gcc/avr/4.8.2/../../../avr/lib/avrxmega4/libc.a(vfprintf_std.o)
strnlen_P                                         /usr/lib/gcc/avr/4.8.2/../../../avr/lib/avrxmega4/libc.a(strnlen_P.o)
                                                  /usr/lib/gcc/avr/4.8.2/../../../avr/lib/avrxmega4/libc.a(vfprintf_std.o)
subState                                          globals.o
                                                  vec9_io.o
systemTicks                                       softclock.o
                                                  globals.o
                                                  vec9_io.o
vfprintf                                          /usr/lib/gcc/avr/4.8.2/../../../avr/lib/avrxmega4/libc.a(vfprintf_std.o)
                                                  /usr/lib/gcc/avr/4.8.2/../../../avr/lib/avrxmega4/libc.a(printf.o)
